baseline OK (fast pass, all mutants)

[q_cell_4c_ties_counted_whole_1_instead_of_one_half] (#1) killed  q_cell_4c: ties counted whole (1) instead of one-half
[q_cell_4c_below_comparison_widened_from_to] (#2) killed  q_cell_4c: below comparison widened from < to <=
[growth_4c_growth_read_since_the_second_grid_point_a_0_a_1] (#3) killed  growth_4c: growth read since the SECOND grid point (a[0] -> a[1])
[cells_4c_t_minus_index_reads_the_clear_index_itself_c_1_c] (#4) killed  cells_4c: t-minus index reads the clear index itself (c-1 -> c)
[cells_4c_the_arithmetic_q_arith_ranked_among_the_whole_flat_pool_not_fla] (#5) killed  cells_4c: the arithmetic q_arith ranked among the WHOLE flat pool, not flat_ar
[min_clear_index_4c_2_1] (#6) killed  MIN_CLEAR_INDEX_4C = 2 -> 1
[alpha_4c_0_01_0_05] (#7) killed  ALPHA_4C = 0.01 -> 0.05
[marginal_4c_0_05_0_1] (#8) killed  MARGINAL_4C = 0.05 -> 0.1
[cal_multiple_4c_2_0_3_0] (#9) killed  CAL_MULTIPLE_4C = 2.0 -> 3.0
[excluded_sites_4c_the_site_0_exclusion_dropped] (#10) killed  EXCLUDED_SITES_4C: the site-0 exclusion dropped
[primary_4c_the_primary_null_grouped_by_family_stripped_to_per_rung_wrong] (#11) killed  primary_4c: the primary null grouped by family stripped to per-rung (wrong block)
[block_flip_4c_p_plus_uses_instead_of] (#12) survived, EQUIVALENT (documented reasoning in mutation_check.py)  block_flip_4c: p_plus uses > instead of >=
[cluster_bootstrap_ci_4c_bootstrap_resamples_individual_cells_not_blocks] (#13) killed  cluster_bootstrap_ci_4c: bootstrap resamples INDIVIDUAL CELLS, not blocks
[placebo_4c_the_pool_is_one_run_s_own_flat_set_not_the_intersection_acros] (#14) killed  placebo_4c: the pool is ONE run's own flat set, not the intersection across runs
[placebo_4c_the_drawn_placebo_task_is_not_removed_from_its_own_comparator] (#15) killed  placebo_4c: the drawn placebo task is not removed from its own comparator pool
[placebo_4c_alpha_placebo_01_measured_at_the_05_bar_instead_of_01] (#16) killed  placebo_4c: alpha_placebo_01 measured at the .05 bar instead of .01
[type_modifier_4c_a_p_is_printed_for_the_non_arithmetic_stratum_design_s_] (#17) killed  type_modifier_4c: a p IS printed for the non-arithmetic stratum (design's own rule violated)
[type_modifier_4c_type_general_decided_at_alpha_4c_01_not_marginal_4c_05] (#18) killed  type_modifier_4c: TYPE-GENERAL decided at ALPHA_4C (.01), not MARGINAL_4C (.05)
[verdict_tree_4c_reversed_decided_at_alpha_4c_01_not_marginal_4c_05] (#19) killed  verdict_tree_4c: REVERSED decided at ALPHA_4C (.01), not MARGINAL_4C (.05)
[alignment_series_4c_the_stored_vs_re_derived_overlap_cross_check_dropped] (#20) killed  alignment_series_4c: the stored-vs-re-derived overlap cross-check dropped
[within_riser_4c_co_clearing_tasks_c2_c_excluded_as_comparators] (#21) killed  within_riser_4c: co-clearing tasks (c2 == c) excluded as comparators (>= -> >)
[window_mean_cells_4c_the_pre_clear_window_includes_index_0_t_1_itself] (#22) killed  window_mean_cells_4c: the pre-clear window includes index 0 (t_1 itself)
[never_performing_type_check_4c_the_grid_scan_includes_index_0_t_1_itself] (#23) killed  never_performing_type_check_4c: the grid scan includes index 0 (t_1 itself)
[discovery_set_4c_the_site0_excluded_invariance_check_computed_on_the_wro] (#24) survived, EQUIVALENT (documented reasoning in mutation_check.py)  discovery_set_4c: the site0-excluded invariance check computed on the WRONG cell set
[clear_index_pin_4c_pythia_6_9b_s_arith_next_clear_index_off_by_one_5_6] (#25) survived-fast, KILLED BY THE SLOW SUITE (confirmed by hand — see PROGRESS.md)  CLEAR_INDEX_PIN_4C: pythia_6.9b's arith_next clear index off by one (5 -> 6)
[rung_set_pin_4c_pythia_6_9b_s_flat_pin_drops_sub4_mid] (#26) killed  RUNG_SET_PIN_4C: pythia_6.9b's flat pin drops sub4_mid
[load_outcome_4c_the_render_check_dropped] (#27) killed  load_outcome_4c: the render check dropped
[load_outcome_4c_the_dtype_check_dropped] (#28) killed  load_outcome_4c: the dtype check dropped
[batch_4c_pythia_6_9b_s_batch_pin_16_32] (#29) killed  BATCH_4C: pythia_6.9b's batch pin 16 -> 32
[n_hidden_pin_4c_olmo2_13b_s_n_hidden_pin_41_37] (#30) killed  N_HIDDEN_PIN_4C: olmo2_13b's n_hidden pin 41 -> 37
[check_rung_set_pins_4c_the_clear_index_comparison_dropped] (#31) SURVIVED  check_rung_set_pins_4c: the clear-index comparison dropped
[manifests_4c_the_6_9b_grid_agreement_check_dropped] (#32) SURVIVED  manifests_4c: the 6.9b grid-agreement check dropped
[manifests_4c_the_step_0_entry_present_check_dropped] (#33) SURVIVED  manifests_4c: the step-0-entry-present check dropped
[gate1_failures_4c_coverage_checked_against_33_rungs_not_the_full_34] (#34) killed  gate1_failures_4c: coverage checked against 33 rungs, not the full 34
[gate1_failures_4c_n_rungs_not_checked] (#35) killed  gate1_failures_4c: n_rungs not checked
[gate1_reference_4c_pythia_6_9b_s_gate_1_reference_swapped_to_the_13b_thi] (#36) killed  GATE1_REFERENCE_4C: pythia_6.9b's gate-1 reference swapped to the 13B thin endpoint
[load_record_failures_4c_the_tensor_digest_vs_committed_check_dropped] (#37) killed  load_record_failures_4c: the tensor_digest-vs-committed check dropped
[load_record_failures_4c_the_4c_preregistration_tag_check_dropped] (#38) killed  load_record_failures_4c: the 4c preregistration-tag check dropped
[process_model_4c_the_batch_size_assertion_dropped] (#39) killed  process_model_4c: the batch-size assertion dropped
[process_model_4c_exp_4_s_own_preregistration_tag_stamped_instead_of_exp4] (#40) killed  process_model_4c: Exp 4's own preregistration tag stamped instead of exp4c's
[process_model_4c_the_prompt_end_set_slice_read_at_index_0_question_end_i] (#41) killed  process_model_4c: the prompt-end set slice read at index 0 (question-end) instead of 1
[run_the_13b_thin_endpoint_stage_skipped] (#42) killed  run(): the 13B thin-endpoint stage skipped
[run_gate_1_is_never_run_always_takes_the_already_done_branch] (#43) killed  run(): gate 1 is never run (always takes the already-done branch)
[run_step_0_dropped_from_the_unit_list_no_longer_processed_first] (#44) killed  run(): step 0 dropped from the unit list (no longer processed first)
[run_the_per_step_digest_pin_dropped] (#45) killed  run(): the per-step digest pin dropped
[gate0_4c_the_90_bar_replaced_by_5] (#46) SURVIVED  gate0_4c: the .90 bar replaced by .5
[run_the_reference_seal_s_own_failures_are_never_appended] (#47) SURVIVED  run(): the reference seal's own failures are never appended
[run_the_discovery_gate_s_known_answer_pin_check_dropped] (#48) SURVIVED  run(): the discovery gate's known-answer pin check dropped
[run_the_power_record_s_byte_reproduction_never_checked_presence_only] (#49) SURVIVED  run(): the power record's byte reproduction never checked (presence-only)
[run_the_exit_import_surface_check_skipped_i_1_s_own_defect_reintroduced] (#50) SURVIVED  run(): the exit import-surface check skipped (I-1's own defect, reintroduced)
[load_one_unit_4c_the_34_rung_sets_sha256_coverage_check_dropped] (#51) killed  _load_one_unit_4c: the 34-rung sets_sha256 coverage check dropped
[load_one_unit_4c_the_n_hidden_vs_pin_check_dropped] (#52) SURVIVED  _load_one_unit_4c: the n_hidden-vs-pin check dropped
[eligibility_4c_the_2_se_eligibility_bar_weakened_from_to] (#53) SURVIVED  eligibility_4c: the 2-SE eligibility bar weakened from >= to >
[delta_of_mu_4c_the_sqrt_2_unit_normal_placement_factor_dropped] (#54) SURVIVED  delta_of_mu_4c: the sqrt(2) unit-normal placement factor dropped
[power_bar_4c_the_declared_power_bar_75_5] (#55) SURVIVED  POWER_BAR_4C: the declared power bar .75 -> .5
[interpolate_min_detectable_4c_the_crossing_comparison_widened_from_to] (#56) SURVIVED  _interpolate_min_detectable_4c: the crossing comparison widened from >= to >
[cell_structure_4c_the_r_vs_clear_index_pin_consistency_check_dropped] (#57) SURVIVED  cell_structure_4c: the R-vs-clear-index-pin consistency check dropped
[main_the_write_once_refusal_dropped_a_second_write_silently_overwrites] (#58) killed  main: the write-once refusal dropped (a second write silently overwrites)
[totality_d9a804a211] (#59) SURVIVED  run(): totality — collect_total_4c stripped at line 575 (lambda: a4.cells_4(series_by_traj, rung_sets_by_traj, eligib...)
[totality_73f9815ef4] (#60) SURVIVED  run(): totality — collect_total_4c stripped at line 592 (lambda: a4.lambda_hat_4(series_by_traj, rung_sets_by_traj, e...)
[totality_d6d5f230f6] (#61) SURVIVED  run(): totality — collect_total_4c stripped at line 620 (lambda: _design_4c(_clear_indices_4c(cells or []))...)
[totality_45c8d0147c] (#62) SURVIVED  run(): totality — collect_total_4c stripped at line 987 (lambda: licence_block_4c(world, modifier, calibration, tree,...)
[totality_bf2e926cc6] (#63) SURVIVED  run(): totality — collect_total_4c stripped at line 1191 (frozen_check or bc.check_frozen_4c...)
[totality_d3ea8f5392] (#64) killed  run(): totality — collect_total_4c stripped at line 1200 (lambda: bc.require_prereg_4c(tag_exists=tag_exists, blob_sha...)
[totality_54fdd34130] (#65) SURVIVED  run(): totality — collect_total_4c stripped at line 1204 (bc.manifests_4c...)
[totality_efe912cfae] (#66) SURVIVED  run(): totality — collect_total_4c stripped at line 1218 (bt.load_battery...)
[totality_4c50327e8b] (#67) SURVIVED  run(): totality — collect_total_4c stripped at line 1220 (bg.load_floors...)
[totality_946b2d8ff4] (#68) SURVIVED  run(): totality — collect_total_4c stripped at line 1245 (lambda: an2i.require_seal_2i(battery_4.REFERENCE_SEAL_TAG_4,...)
[totality_9a47cf39d9] (#69) SURVIVED  run(): totality — collect_total_4c stripped at line 1270 (lambda: disc_fn(root4)...)
[totality_4ae7eb8e01] (#70) SURVIVED  run(): totality — collect_total_4c stripped at line 583 (lambda: a4.primary_4(cells, n_boot=n_boot, seed=seed)...)
[totality_7c26425e08] (#71) SURVIVED  run(): totality — collect_total_4c stripped at line 608 (lambda traj=traj, pia=pia: placebo_4b.placebo_pool_4b(...)
[totality_98f598282a] (#72) SURVIVED  run(): totality — collect_total_4c stripped at line 625 (lambda: placebo_4b.draw_batteries_4b(pools, design, B=B, see...)
[totality_890e2e645a] (#73) SURVIVED  run(): totality — collect_total_4c stripped at line 1195 (check_imports_4c...)
[totality_88a6a642d5] (#74) killed  run(): totality — collect_total_4c stripped at line 1258 (lambda refs=refs: collect_4.load_ref_tables_4(root4, refs)...)
[totality_1a4450362d] (#75) SURVIVED  run(): totality — collect_total_4c stripped at line 1273 (lambda: rk.check_discovery_pins_4c(discovery)...)
[totality_2dbe40e17b] (#76) SURVIVED  run(): totality — collect_total_4c stripped at line 1283 (_import_power_4c...)
[totality_e9f600ab3c] (#77) SURVIVED  run(): totality — collect_total_4c stripped at line 1291 (lambda: json.loads(power_p.read_text())...)
[totality_4cd3e551b9] (#78) SURVIVED  run(): totality — collect_total_4c stripped at line 1417 (lambda: rk.cells_4c(series_by_traj, rung_sets)...)
[totality_2395e1c6a2] (#79) SURVIVED  run(): totality — collect_total_4c stripped at line 1425 (lambda: primary_4c(cells, n_boot=n_boot, seed=SEED_4C)...)
[totality_7f0d909665] (#80) SURVIVED  run(): totality — collect_total_4c stripped at line 1428 (lambda: rk.placebo_4c(series_by_traj, rung_sets, cells, B=B,...)
[totality_401377c2ee] (#81) SURVIVED  run(): totality — collect_total_4c stripped at line 1432 (lambda: rk.type_modifier_4c(cells)...)
[totality_f599225b3f] (#82) SURVIVED  run(): totality — collect_total_4c stripped at line 1434 (lambda: gate7_ties_4c(cells)...)
[totality_882e7be6db] (#83) SURVIVED  run(): totality — collect_total_4c stripped at line 1446 (lambda: rk.calibration_read_4c(placebo, tree["verdict"])...)
[totality_2f0d358116] (#84) SURVIVED  run(): totality — collect_total_4c stripped at line 1481 (check_imports_4c if imports_pinned else (lambda: None)...)
[totality_85c26ea5da] (#85) SURVIVED  run(): totality — collect_total_4c stripped at line 631 (lambda: placebo_4b.p_cal_4b(batteries["T"], T4)...)
[totality_b1d2a427a5] (#86) SURVIVED  run(): totality — collect_total_4c stripped at line 634 (lambda: placebo_4b.t_star_4b(batteries["T"], T4)...)
[totality_e7f5959f35] (#87) SURVIVED  run(): totality — collect_total_4c stripped at line 637 (lambda: placebo_4b.alpha_placebo_4b(...)
[totality_1998a8e42c] (#88) SURVIVED  run(): totality — collect_total_4c stripped at line 1185 (lambda p=p: p.read_text().strip()[:200]...)
[totality_785e68faae] (#89) SURVIVED  run(): totality — collect_total_4c stripped at line 1214 (_check_referents...)
[totality_4db1f27c39] (#90) SURVIVED  run(): totality — collect_total_4c stripped at line 1226 (lambda traj=traj: bc.load_outcome_4c(traj, battery=battery)...)
[totality_56872f0008] (#91) SURVIVED  run(): totality — collect_total_4c stripped at line 1294 (lambda: _power_record_failures_4c(power, expected_n_sim=powe...)
[totality_7fc25d1cb3] (#92) SURVIVED  run(): totality — collect_total_4c stripped at line 1330 (lambda traj=traj: bc.gate1_rederive_4c(root, root4, traj)...)
[totality_38e82d2f6f] (#93) SURVIVED  run(): totality — collect_total_4c stripped at line 1348 (lambda traj=traj: _load_one_unit_4c(root, (traj, bc.INIT_STE...)
[totality_1493707fcd] (#94) SURVIVED  run(): totality — collect_total_4c stripped at line 1355 (lambda traj=traj: load_run_tables_4c(root, traj)...)
[totality_5bec55dfda] (#95) SURVIVED  run(): totality — collect_total_4c stripped at line 1376 (lambda traj=traj, tables=tables: rk.alignment_series_4c(...)
[totality_0392026ab8] (#96) SURVIVED  run(): totality — collect_total_4c stripped at line 1385 (lambda traj=traj, tables=tables: rk.alignment_series_4c(...)
[totality_b720cefaf0] (#97) SURVIVED  run(): totality — collect_total_4c stripped at line 1396 (lambda traj=traj, unit_t1=unit_t1, unit_end=unit_end: eligib...)
[totality_8cc99ff2b7] (#98) SURVIVED  run(): totality — collect_total_4c stripped at line 1403 (lambda traj=traj, unit_t1=unit_t1, unit_end=unit_end: {...)
[totality_0569241841] (#99) SURVIVED  run(): totality — collect_total_4c stripped at line 1455 (thunk...)
[totality_dd93a6d647] (#100) SURVIVED  run(): totality — collect_total_4c stripped at line 1231 (lambda oc=oc: bc.rung_sets_4c(oc, floors)...)
[totality_8613fd6ec8] (#101) SURVIVED  run(): totality — collect_total_4c stripped at line 1300 (lambda: _reproduce_power_4c(power)...)
[totality_c7587d08f8] (#102) SURVIVED  run(): totality — collect_total_4c stripped at line 1320 (lambda p=g1_path: json.loads(p.read_text())...)
[totality_4089e0701e] (#103) SURVIVED  run(): totality — collect_total_4c stripped at line 1343 (lambda: _load_one_unit_4c(root, bc.THIN_ENDPOINT_KEY_4C)...)
[totality_0f1437d2df] (#104) SURVIVED  run(): totality — collect_total_4c stripped at line 1363 (lambda traj=traj, unit0=unit0, tables=tables: gate0_4c(...)
[totality_8a9bab2364] (#105) SURVIVED  run(): totality — collect_total_4c stripped at line 1235 (lambda traj=traj, rs=rs, oc=oc: bc.check_rung_set_pins_4c(...)
[totality_5742ce6a67] (#106) SURVIVED  run(): totality — collect_total_4c stripped at line 1324 (lambda g1=g1, traj=traj: bc.gate1_failures_4c(g1, traj=traj)...)

43 killed by the fast suite directly; 1 killed by the slow suite (confirmed by hand); 2 documented equivalent; considered=106; 60 UNRESOLVED survivor(s): [('check_rung_set_pins_4c_the_clear_index_comparison_dropped', 31, 'check_rung_set_pins_4c: the clear-index comparison dropped', 'survived'), ('manifests_4c_the_6_9b_grid_agreement_check_dropped', 32, 'manifests_4c: the 6.9b grid-agreement check dropped', 'survived'), ('manifests_4c_the_step_0_entry_present_check_dropped', 33, 'manifests_4c: the step-0-entry-present check dropped', 'survived'), ('gate0_4c_the_90_bar_replaced_by_5', 46, 'gate0_4c: the .90 bar replaced by .5', 'survived'), ('run_the_reference_seal_s_own_failures_are_never_appended', 47, "run(): the reference seal's own failures are never appended", 'survived'), ('run_the_discovery_gate_s_known_answer_pin_check_dropped', 48, "run(): the discovery gate's known-answer pin check dropped", 'survived'), ('run_the_power_record_s_byte_reproduction_never_checked_presence_only', 49, "run(): the power record's byte reproduction never checked (presence-only)", 'survived'), ('run_the_exit_import_surface_check_skipped_i_1_s_own_defect_reintroduced', 50, "run(): the exit import-surface check skipped (I-1's own defect, reintroduced)", 'survived'), ('load_one_unit_4c_the_n_hidden_vs_pin_check_dropped', 52, '_load_one_unit_4c: the n_hidden-vs-pin check dropped', 'survived'), ('eligibility_4c_the_2_se_eligibility_bar_weakened_from_to', 53, 'eligibility_4c: the 2-SE eligibility bar weakened from >= to >', 'survived'), ('delta_of_mu_4c_the_sqrt_2_unit_normal_placement_factor_dropped', 54, 'delta_of_mu_4c: the sqrt(2) unit-normal placement factor dropped', 'survived'), ('power_bar_4c_the_declared_power_bar_75_5', 55, 'POWER_BAR_4C: the declared power bar .75 -> .5', 'survived'), ('interpolate_min_detectable_4c_the_crossing_comparison_widened_from_to', 56, '_interpolate_min_detectable_4c: the crossing comparison widened from >= to >', 'survived'), ('cell_structure_4c_the_r_vs_clear_index_pin_consistency_check_dropped', 57, 'cell_structure_4c: the R-vs-clear-index-pin consistency check dropped', 'survived'), ('totality_d9a804a211', 59, 'run(): totality — collect_total_4c stripped at line 575 (lambda: a4.cells_4(series_by_traj, rung_sets_by_traj, eligib...)', 'survived'), ('totality_73f9815ef4', 60, 'run(): totality — collect_total_4c stripped at line 592 (lambda: a4.lambda_hat_4(series_by_traj, rung_sets_by_traj, e...)', 'survived'), ('totality_d6d5f230f6', 61, 'run(): totality — collect_total_4c stripped at line 620 (lambda: _design_4c(_clear_indices_4c(cells or []))...)', 'survived'), ('totality_45c8d0147c', 62, 'run(): totality — collect_total_4c stripped at line 987 (lambda: licence_block_4c(world, modifier, calibration, tree,...)', 'survived'), ('totality_bf2e926cc6', 63, 'run(): totality — collect_total_4c stripped at line 1191 (frozen_check or bc.check_frozen_4c...)', 'survived'), ('totality_54fdd34130', 65, 'run(): totality — collect_total_4c stripped at line 1204 (bc.manifests_4c...)', 'survived'), ('totality_efe912cfae', 66, 'run(): totality — collect_total_4c stripped at line 1218 (bt.load_battery...)', 'survived'), ('totality_4c50327e8b', 67, 'run(): totality — collect_total_4c stripped at line 1220 (bg.load_floors...)', 'survived'), ('totality_946b2d8ff4', 68, 'run(): totality — collect_total_4c stripped at line 1245 (lambda: an2i.require_seal_2i(battery_4.REFERENCE_SEAL_TAG_4,...)', 'survived'), ('totality_9a47cf39d9', 69, 'run(): totality — collect_total_4c stripped at line 1270 (lambda: disc_fn(root4)...)', 'survived'), ('totality_4ae7eb8e01', 70, 'run(): totality — collect_total_4c stripped at line 583 (lambda: a4.primary_4(cells, n_boot=n_boot, seed=seed)...)', 'survived'), ('totality_7c26425e08', 71, 'run(): totality — collect_total_4c stripped at line 608 (lambda traj=traj, pia=pia: placebo_4b.placebo_pool_4b(...)', 'survived'), ('totality_98f598282a', 72, 'run(): totality — collect_total_4c stripped at line 625 (lambda: placebo_4b.draw_batteries_4b(pools, design, B=B, see...)', 'survived'), ('totality_890e2e645a', 73, 'run(): totality — collect_total_4c stripped at line 1195 (check_imports_4c...)', 'survived'), ('totality_1a4450362d', 75, 'run(): totality — collect_total_4c stripped at line 1273 (lambda: rk.check_discovery_pins_4c(discovery)...)', 'survived'), ('totality_2dbe40e17b', 76, 'run(): totality — collect_total_4c stripped at line 1283 (_import_power_4c...)', 'survived'), ('totality_e9f600ab3c', 77, 'run(): totality — collect_total_4c stripped at line 1291 (lambda: json.loads(power_p.read_text())...)', 'survived'), ('totality_4cd3e551b9', 78, 'run(): totality — collect_total_4c stripped at line 1417 (lambda: rk.cells_4c(series_by_traj, rung_sets)...)', 'survived'), ('totality_2395e1c6a2', 79, 'run(): totality — collect_total_4c stripped at line 1425 (lambda: primary_4c(cells, n_boot=n_boot, seed=SEED_4C)...)', 'survived'), ('totality_7f0d909665', 80, 'run(): totality — collect_total_4c stripped at line 1428 (lambda: rk.placebo_4c(series_by_traj, rung_sets, cells, B=B,...)', 'survived'), ('totality_401377c2ee', 81, 'run(): totality — collect_total_4c stripped at line 1432 (lambda: rk.type_modifier_4c(cells)...)', 'survived'), ('totality_f599225b3f', 82, 'run(): totality — collect_total_4c stripped at line 1434 (lambda: gate7_ties_4c(cells)...)', 'survived'), ('totality_882e7be6db', 83, 'run(): totality — collect_total_4c stripped at line 1446 (lambda: rk.calibration_read_4c(placebo, tree["verdict"])...)', 'survived'), ('totality_2f0d358116', 84, 'run(): totality — collect_total_4c stripped at line 1481 (check_imports_4c if imports_pinned else (lambda: None)...)', 'survived'), ('totality_85c26ea5da', 85, 'run(): totality — collect_total_4c stripped at line 631 (lambda: placebo_4b.p_cal_4b(batteries["T"], T4)...)', 'survived'), ('totality_b1d2a427a5', 86, 'run(): totality — collect_total_4c stripped at line 634 (lambda: placebo_4b.t_star_4b(batteries["T"], T4)...)', 'survived'), ('totality_e7f5959f35', 87, 'run(): totality — collect_total_4c stripped at line 637 (lambda: placebo_4b.alpha_placebo_4b(...)', 'survived'), ('totality_1998a8e42c', 88, 'run(): totality — collect_total_4c stripped at line 1185 (lambda p=p: p.read_text().strip()[:200]...)', 'survived'), ('totality_785e68faae', 89, 'run(): totality — collect_total_4c stripped at line 1214 (_check_referents...)', 'survived'), ('totality_4db1f27c39', 90, 'run(): totality — collect_total_4c stripped at line 1226 (lambda traj=traj: bc.load_outcome_4c(traj, battery=battery)...)', 'survived'), ('totality_56872f0008', 91, 'run(): totality — collect_total_4c stripped at line 1294 (lambda: _power_record_failures_4c(power, expected_n_sim=powe...)', 'survived'), ('totality_7fc25d1cb3', 92, 'run(): totality — collect_total_4c stripped at line 1330 (lambda traj=traj: bc.gate1_rederive_4c(root, root4, traj)...)', 'survived'), ('totality_38e82d2f6f', 93, 'run(): totality — collect_total_4c stripped at line 1348 (lambda traj=traj: _load_one_unit_4c(root, (traj, bc.INIT_STE...)', 'survived'), ('totality_1493707fcd', 94, 'run(): totality — collect_total_4c stripped at line 1355 (lambda traj=traj: load_run_tables_4c(root, traj)...)', 'survived'), ('totality_5bec55dfda', 95, 'run(): totality — collect_total_4c stripped at line 1376 (lambda traj=traj, tables=tables: rk.alignment_series_4c(...)', 'survived'), ('totality_0392026ab8', 96, 'run(): totality — collect_total_4c stripped at line 1385 (lambda traj=traj, tables=tables: rk.alignment_series_4c(...)', 'survived'), ('totality_b720cefaf0', 97, 'run(): totality — collect_total_4c stripped at line 1396 (lambda traj=traj, unit_t1=unit_t1, unit_end=unit_end: eligib...)', 'survived'), ('totality_8cc99ff2b7', 98, 'run(): totality — collect_total_4c stripped at line 1403 (lambda traj=traj, unit_t1=unit_t1, unit_end=unit_end: {...)', 'survived'), ('totality_0569241841', 99, 'run(): totality — collect_total_4c stripped at line 1455 (thunk...)', 'survived'), ('totality_dd93a6d647', 100, 'run(): totality — collect_total_4c stripped at line 1231 (lambda oc=oc: bc.rung_sets_4c(oc, floors)...)', 'survived'), ('totality_8613fd6ec8', 101, 'run(): totality — collect_total_4c stripped at line 1300 (lambda: _reproduce_power_4c(power)...)', 'survived'), ('totality_c7587d08f8', 102, 'run(): totality — collect_total_4c stripped at line 1320 (lambda p=g1_path: json.loads(p.read_text())...)', 'survived'), ('totality_4089e0701e', 103, 'run(): totality — collect_total_4c stripped at line 1343 (lambda: _load_one_unit_4c(root, bc.THIN_ENDPOINT_KEY_4C)...)', 'survived'), ('totality_0f1437d2df', 104, 'run(): totality — collect_total_4c stripped at line 1363 (lambda traj=traj, unit0=unit0, tables=tables: gate0_4c(...)', 'survived'), ('totality_8a9bab2364', 105, 'run(): totality — collect_total_4c stripped at line 1235 (lambda traj=traj, rs=rs, oc=oc: bc.check_rung_set_pins_4c(...)', 'survived'), ('totality_5742ce6a67', 106, 'run(): totality — collect_total_4c stripped at line 1324 (lambda g1=g1, traj=traj: bc.gate1_failures_4c(g1, traj=traj)...)', 'survived')]; 0 SKIP (target text not found / -k selected nothing): []; 0 TIMEOUT (not a kill, not a survivor): []
