baseline OK (instrument, fast)
[a_missing_unit_is_not_a_failure] killed         run/seal_predictor_6.py: a missing unit is not a failure  — slow: experiments/exp6/tests/test_worlds_6.py::test_a_missing_predictor_unit
[gate_1_p_differing_draws_pass] killed         run/seal_predictor_6.py: gate 1-P: differing draws pass  — slow: experiments/exp6/tests/test_worlds_6.py::test_an_anchor_that_is_not_the_committed_stream
[gate_1_p_does_not_halt_on_a_differing_stream] killed         run/predict_6.py: gate 1-P does not halt on a differing stream  — slow: experiments/exp6/tests/test_worlds_6.py::test_a_predictor_gate_that_fires_leaves_a_tree_that_refuses
[gate_1_b_fires_and_nothing_halts] killed         run/endpoint_6.py: gate 1(b) fires and nothing halts  — slow: experiments/exp6/tests/test_worlds_6.py::test_an_endpoint_stage_whose_anchors_are_off
[the_predictor_stage_runs_without_the_gates] killed         run/predict_6.py: the predictor stage runs without the gates  — slow: experiments/exp6/tests/test_worlds_6.py::test_an_exit_gate_that_fires_leaves_a_tree_that_refuses[predictor]
[the_predictor_stage_has_no_exit_gate] killed         run/predict_6.py: the predictor stage has no exit gate  — slow: experiments/exp6/tests/test_worlds_6.py::test_an_exit_gate_that_fires_leaves_a_tree_that_refuses[predictor]
[the_endpoint_stage_has_no_exit_gate] killed         run/endpoint_6.py: the endpoint stage has no exit gate  — slow: experiments/exp6/tests/test_worlds_6.py::test_an_exit_gate_that_fires_leaves_a_tree_that_refuses[endpoint]
[a_step_whose_anchors_are_off_is_written_as_complete] killed         run/sweep_6.py: a step whose anchors are off is written as complete  — slow: experiments/exp6/tests/test_worlds_6.py::test_a_sweep_gate_that_fires_leaves_a_tree_that_refuses
[the_predictor_seals_without_the_exit_gate] killed         run/seal_predictor_6.py: the predictor seals without the exit gate  — slow: experiments/exp6/tests/test_worlds_6.py::test_a_seal_whose_exit_gate_fires_writes_no_seal
[a_run_that_reads_nothing_rewrites_the_gate_record] killed         run/endpoint_6.py: a run that reads nothing rewrites the gate record  — slow: experiments/exp6/tests/test_worlds_6.py::test_a_run_that_reads_nothing_leaves_the_gate_record
[gate_1_d_the_endpoint_seal_does_not_re_derive_it] killed         run/seal_endpoint_6.py: gate 1(d): the endpoint seal does not re-derive it  — slow: experiments/exp6/tests/test_worlds_6.py::test_the_read_that_set_the_rung_sets_is_the_model_the_sweep_read
[predictor_stage_the_seal_s_tag_is_not_compared] killed         analyze_6.py: predictor stage: the seal's tag is not compared  — slow: experiments/exp6/tests/test_worlds_6.py::test_the_predictor_seal_and_gate_1p_carry_their_tags
[the_endpoint_stage_seals_without_the_exit_gate] killed         run/seal_endpoint_6.py: the endpoint stage seals without the exit gate  — slow: experiments/exp6/tests/test_worlds_6.py::test_a_seal_whose_exit_gate_fires_writes_no_seal
[predictor_stage_gate_1_p_s_tag_is_not_compared] killed         analyze_6.py: predictor stage: gate 1-P's tag is not compared  — slow: experiments/exp6/tests/test_worlds_6.py::test_the_predictor_seal_and_gate_1p_carry_their_tags
[gate_1_d_a_gate_read_is_not_held_to_the_mac_s_digest] killed         analyze_6.py: gate 1(d): a gate read is not held to the Mac's digest  — slow: experiments/exp6/tests/test_worlds_6.py::test_a_gate_read_that_is_not_the_macs_weights
[gate_1_the_sealed_read_handed_to_the_gate_is_the_host_s_own] killed         analyze_6.py: gate 1: the sealed read handed to the gate is the host's own  — slow: experiments/exp6/tests/test_worlds_6.py::test_the_read_that_set_the_rung_sets_is_the_model_the_sweep_read
[predictor_stage_gate_1_p_s_record_is_not_compared] killed         analyze_6.py: predictor stage: gate 1-P's record is not compared  — slow: experiments/exp6/tests/test_worlds_6.py::test_the_predictor_seal_names_the_pinned_models_and_gate_1p_is_rederived
[predictor_stage_the_seal_need_not_describe_the_disk] killed         analyze_6.py: predictor stage: the seal need not describe the disk  — slow: experiments/exp6/tests/test_worlds_6.py::test_a_draw_changed_after_the_seal
[predictor_stage_the_seal_s_models_are_not_the_pins] killed         analyze_6.py: predictor stage: the seal's models are not the pins  — slow: experiments/exp6/tests/test_worlds_6.py::test_the_predictor_seal_names_the_pinned_models_and_gate_1p_is_rederived
[gate_1_d_a_grid_step_is_not_held_to_the_mac_s_digest] killed         analyze_6.py: gate 1(d): a grid step is not held to the Mac's digest  — slow: experiments/exp6/tests/test_worlds_6.py::test_a_checkpoint_rewritten_as_another_is_refused
[sealed_stages_the_rung_sets_are_not_tied_to_the_predictor_seal] killed         analyze_6.py: sealed stages: the rung sets are not tied to the predictor seal  — slow: experiments/exp6/tests/test_worlds_6.py::test_rung_sets_of_another_predictor_seal
[gate_1_the_runner_s_record_is_not_compared] killed         analyze_6.py: gate 1: the runner's record is not compared  — slow: experiments/exp6/tests/test_worlds_6.py::test_a_gate_1_record_is_measured_and_tied_to_the_sealed_endpoint
[predictor_stage_the_seal_s_counts_are_not_re_derived] killed         analyze_6.py: predictor stage: the seal's counts are not re-derived  — slow: experiments/exp6/tests/test_worlds_6.py::test_the_predictor_seal
[a_failed_gate_does_not_halt_the_sweep] killed         run/sweep_6.py: a failed gate does not halt the sweep  — slow: experiments/exp6/tests/test_worlds_6.py::test_two_reads_that_disagree_halt_the_sweep_at_its_gate
[sealed_stages_gate_1_b_s_failures_are_dropped] killed         analyze_6.py: sealed stages: gate 1(b)'s failures are dropped  — slow: experiments/exp6/tests/test_worlds_6.py::test_the_gate_1b_record_and_the_rung_sets_are_rederived
[gate_1_the_record_is_not_tied_to_the_sealed_endpoint] killed         analyze_6.py: gate 1: the record is not tied to the sealed endpoint  — slow: experiments/exp6/tests/test_worlds_6.py::test_a_gate_1_record_is_measured_and_tied_to_the_sealed_endpoint
[a_failed_gate_still_writes_the_grid_s_endpoint_unit] killed         run/sweep_6.py: a failed gate still writes the grid's endpoint unit  — slow: experiments/exp6/tests/test_worlds_6.py::test_two_reads_that_disagree_halt_the_sweep_at_its_gate
[sealed_stages_the_rung_sets_failures_are_dropped] killed         analyze_6.py: sealed stages: the rung sets' failures are dropped  — slow: experiments/exp6/tests/test_worlds_6.py::test_a_rung_added_to_a_rung_set
[sweep_a_step_with_a_missing_record_is_skipped_silently] killed         analyze_6.py: sweep: a step with a missing record is skipped silently  — slow: experiments/exp6/tests/test_worlds_6.py::test_a_step_short_of_a_record_and_a_sweep_host_without_one
[sweep_a_sweep_host_with_no_host_record_is_accepted] killed         analyze_6.py: sweep: a sweep host with no host record is accepted  — slow: experiments/exp6/tests/test_worlds_6.py::test_a_step_short_of_a_record_and_a_sweep_host_without_one
[the_sweep_has_no_exit_gate] killed         run/sweep_6.py: the sweep has no exit gate  — slow: experiments/exp6/tests/test_worlds_6.py::test_an_exit_gate_that_fires_leaves_a_tree_that_refuses[sweep]
[predictor_stage_the_seal_s_binding_failures_are_dropped] killed         analyze_6.py: predictor stage: the seal's binding failures are dropped  — slow: experiments/exp6/tests/test_worlds_6.py::test_the_tags
[gate_1_the_re_derived_failures_are_dropped] killed         analyze_6.py: gate 1: the re-derived failures are dropped  — slow: experiments/exp6/tests/test_worlds_6.py::test_gate_1_is_rederived_from_the_hosts_own_reads
[sweep_an_unfinished_family_delivers_a_verdict] killed         analyze_6.py: sweep: an unfinished family delivers a verdict  — slow: experiments/exp6/tests/test_worlds_6.py::test_an_unfinished_sweep_delivers_no_verdict
[sweep_a_gate_record_that_did_not_pass_is_accepted] killed         analyze_6.py: sweep: a gate record that did not pass is accepted  — slow: experiments/exp6/tests/test_worlds_6.py::test_a_gate_record_that_did_not_pass_or_is_missing
[the_test_inputs_read_the_init_referent_s_counts] killed         analyze_6.py: the test inputs read the init referent's counts  — slow: experiments/exp6/tests/test_worlds_6.py::test_what_each_secondary_reads
[run_the_power_record_need_not_be_of_these_rung_sets] killed         analyze_6.py: run: the power record need not be of these rung sets  — slow: experiments/exp6/tests/test_worlds_6.py::test_a_power_record_of_other_rung_sets
[sweep_the_anchors_are_not_gated_at_every_step] killed         analyze_6.py: sweep: the anchors are not gated at every step  — slow: experiments/exp6/tests/test_worlds_6.py::test_an_anchor_out_of_tolerance_at_a_grid_step
[sweep_a_host_s_gate_reads_are_not_loaded] killed         analyze_6.py: sweep: a host's gate reads are not loaded  — slow: experiments/exp6/tests/test_worlds_6.py::test_gate_1_is_rederived_from_the_hosts_own_reads
[run_the_power_record_s_claims_are_not_checked] killed         analyze_6.py: run: the power record's claims are not checked  — slow: experiments/exp6/tests/test_worlds_6.py::test_the_power_record
[sweep_the_endpoint_unit_need_not_be_the_candidate_read] killed         analyze_6.py: sweep: the endpoint unit need not be the candidate read  — slow: experiments/exp6/tests/test_worlds_6.py::test_the_endpoint_step_is_its_hosts_candidate_read
[run_an_incomplete_endpoint_stage_is_swept] killed         analyze_6.py: run: an incomplete endpoint stage is swept  — slow: experiments/exp6/tests/test_worlds_6.py::test_an_incomplete_endpoint_stage_is_not_swept
[run_the_power_record_need_not_be_of_this_predictor_seal] killed         analyze_6.py: run: the power record need not be of this predictor seal  — slow: experiments/exp6/tests/test_worlds_6.py::test_a_power_record_of_another_predictor_seal
[run_a_verdict_is_delivered_over_failures] killed         analyze_6.py: run: a verdict is delivered over failures  — slow: experiments/exp6/tests/test_worlds_6.py::test_the_import_surface_is_checked_again_after_the_analysis[2-6
[s12_the_outcome_is_relaxed_and_the_predictor_is_not] killed         analyze_6.py: S12: the outcome is relaxed and the predictor is not  — slow: experiments/exp6/tests/test_worlds_6.py::test_a_family_that_writes_another_convention
[s12_the_relaxed_floor_is_the_strict_answers] killed         analyze_6.py: S12: the relaxed floor is the strict answers'  — slow: experiments/exp6/tests/test_worlds_6.py::test_a_family_that_writes_another_convention
[run_a_sweep_s_failures_are_dropped] killed         analyze_6.py: run: a sweep's failures are dropped  — slow: experiments/exp6/tests/test_worlds_6.py::test_an_unfinished_sweep_delivers_no_verdict
[the_primary_reads_r_heuristic] killed         analyze_6.py: the primary reads R_heuristic  — slow: experiments/exp6/tests/test_worlds_6.py::test_general
[s11_the_tests_are_read_in_the_primary_s_strata] killed         analyze_6.py: S11: the tests are read in the primary's strata  — slow: experiments/exp6/tests/test_worlds_6.py::test_what_each_secondary_reads
[totality_f42a912daa] killed         analyze_6.py: run(): collect_total stripped at "6 test inputs"  — slow: experiments/exp6/tests/test_worlds_6.py::test_a_step_of_the_analysis_that_raises_is_a_refusal[test_inputs-6
[totality_00191f871d] killed         analyze_6.py: run(): collect_total stripped at "6 endpoint seal paths"  — slow: experiments/exp6/tests/test_totality_6.py::test_a_record_in_any_shape_is_a_refusal[an
[totality_f28af6e5fb] killed         analyze_6.py: run(): collect_total stripped at "6 power claims"  — slow: experiments/exp6/tests/test_totality_6.py::test_a_record_in_any_shape_is_a_refusal[a
[totality_13fd408743] killed         analyze_6.py: run(): collect_total stripped at "6 primary"  — slow: experiments/exp6/tests/test_worlds_6.py::test_a_step_of_the_analysis_that_raises_is_a_refusal[_run_test-6
[totality_888369446a] killed         analyze_6.py: run(): collect_total stripped at "6 import surface (exit)"  — slow: experiments/exp6/tests/test_worlds_6.py::test_the_import_surface_is_checked_again_after_the_analysis[2-6
[totality_99dc6744e6] killed         analyze_6.py: run(): collect_total stripped at "6 endpoint composite sha"  — slow: experiments/exp6/tests/test_worlds_6.py::test_a_missing_endpoint_record
[the_primary_reads_predictor_a_for_both_tests] killed         analyze_6.py: the primary reads predictor A for both tests  — slow: experiments/exp6/tests/test_worlds_6.py::test_the_other_worlds[rho0-PYTHIA-ONLY-statuses0]
[totality_1d4256d983] killed         analyze_6.py: run(): collect_total stripped at "6 import surface (post-secondaries)"  — slow: experiments/exp6/tests/test_worlds_6.py::test_the_import_surface_is_checked_again_after_the_analysis[3-6
[s12_the_relaxed_rung_enters_whatever_its_count] killed         analyze_6.py: S12: the relaxed rung enters whatever its count  — slow: experiments/exp6/tests/test_worlds_6.py::test_general
[s13_the_tests_are_read_over_r_f] killed         analyze_6.py: S13: the tests are read over R_f  — slow: experiments/exp6/tests/test_worlds_6.py::test_general

=== 59 mutants in 2249 s: killed 59
