baseline OK (battery, fast)
baseline OK (instrument, fast)
[span_sequence_case_not_folded] killed         verify_6.py: span/sequence: case not folded  — fast: experiments/exp6/tests/test_verify_6.py::test_whole_line_types_compare_the_whole_first_line
[draw_side_a_line_2c_s_word_path_raises_on_verifies] killed         verify_6.py: draw side: a line 2c's word path raises on verifies  — fast: experiments/exp6/tests/test_verify_6.py::test_the_2c_word_path_raises_and_verify_6_absorbs_it
[ipa_the_last_token_read_not_the_first] killed         verify_6.py: ipa: the LAST token read, not the first  — fast: experiments/exp6/tests/test_verify_6.py::test_ipa_keeps_case_and_reads_one_token
[answer_side_an_empty_normalization_is_accepted] killed         verify_6.py: answer side: an empty normalization is accepted  — fast: experiments/exp6/tests/test_verify_6.py::test_answer_side_is_a_hard_error
[the_harness_s_provenance_is_not_checked] killed         verify_6.py: the harness's provenance is not checked  — fast: experiments/exp6/tests/test_verify_6.py::test_the_harness_is_2cs_and_is_resolved_once
[the_gate_a_key_in_the_index_is_kept] killed         battery/spec.py: the gate: a key in the index is kept  — fast: experiments/exp6/tests/test_spec_6.py::test_collision_is_redrawn_not_kept
[a_repeated_question_or_key_is_kept] killed         battery/spec.py: a repeated question or key is kept  — fast: experiments/exp6/tests/test_spec_6.py::test_generate_is_deterministic_and_complete
[the_gate_an_extra_key_in_the_extra_table_is_kept] killed         battery/spec.py: the gate: an extra key in the extra table is kept  — fast: experiments/exp6/tests/test_spec_6.py::test_an_extra_key_is_gated_and_recorded
[the_shots_are_drawn_at_consecutive_slots] killed         battery/spec.py: the shots are drawn at consecutive slots  — fast: experiments/exp6/tests/test_spec_6.py::test_the_two_shots_are_drawn_a_stride_apart
[unique_answers_is_not_enforced] killed         battery/spec.py: unique_answers is not enforced  — fast: experiments/exp6/tests/test_spec_6.py::test_unique_answers_is_enforced
[a_truncated_answer_is_not_refused] killed         battery/spec.py: a truncated answer is not refused  — fast: experiments/exp6/tests/test_spec_6.py::test_check_item_on_free_form_rungs
[a_two_way_choice_registers] killed         battery/spec.py: a two-way choice registers  — fast: experiments/exp6/tests/test_spec_6.py::test_validate_refuses_bad_specs
[the_shot_records_are_not_kept] killed         battery/spec.py: the shot records are not kept  — fast: experiments/exp6/tests/test_spec_6.py::test_generate_is_deterministic_and_complete
[the_extra_table_is_always_empty] killed         battery/collisions_6.py: the extra table is always empty  — fast: experiments/exp6/tests/test_data_6.py::test_for_spec_checks_the_kind
[exact_under_criterion_case_folded_for_ipa_and_for_nothing_else] killed         verify_6.py: exact_under_criterion: case folded for ipa and for nothing else  — fast: experiments/exp6/tests/test_generators_b_6.py::test_every_rung_is_500_clean_items
[level_2_the_stated_quantity_is_built_from_what_is_asked] killed         battery/gen_units.py: level 2: the stated quantity is built from what is asked  — fast: experiments/exp6/tests/test_generators_a_6.py::test_every_rung_is_500_clean_items
[the_candidates_are_not_offered] killed         battery/gen_units.py: the candidates are not offered  — fast: experiments/exp6/tests/test_generators_a_6.py::test_the_numbers_and_the_wrong_options_follow_the_readme[unit_interp1-kinds0-share0]
[the_second_shot_may_repeat_the_first_shot_s_answer] killed         battery/spec.py: the second shot may repeat the first shot's answer  — fast: experiments/exp6/tests/test_bbkeys_6.py::test_generate_writes_what_payload_builds
[an_answer_listed_twice_among_the_options_is_accepted] killed         battery/spec.py: an answer listed twice among the options is accepted  — fast: experiments/exp6/tests/test_bbkeys_6.py::test_generate_writes_what_payload_builds
[the_fills_are_drawn_around_the_answer] killed         battery/gen_units.py: the fills are drawn around the answer  — fast: experiments/exp6/tests/test_generators_a_6.py::test_the_numbers_and_the_wrong_options_follow_the_readme[unit_interp1-kinds0-share0]
[the_index_is_read_whatever_it_hashes_to] killed         battery/collisions_6.py: the index is read whatever it hashes to  — fast: experiments/exp6/tests/test_bbkeys_6.py::test_generate_writes_what_payload_builds
[the_other_options_are_listed_by_size_where_the_answer_is_the_smallest_ca] killed         battery/gen_units.py: the other options are listed by size where the answer is the smallest candidate  — fast: experiments/exp6/tests/test_generators_a_6.py::test_the_numbers_and_the_options_do_not_say_what_is_asked[unit_interp1]
[level_1_a_candidate_the_sentence_prints_is_kept] killed         battery/gen_units.py: level 1: a candidate the sentence prints is kept  — fast: experiments/exp6/tests/test_generators_a_6.py::test_the_numbers_and_the_wrong_options_follow_the_readme[unit_interp1-kinds0-share0]
[a_record_that_holds_a_failure_is_accepted] killed         battery/audit_bbkeys_6.py: a record that holds a failure is accepted  — fast: experiments/exp6/tests/test_bbkeys_6.py::test_the_record_is_refused_when_it_holds_a_failure
[the_order_is_drawn_after_the_answer_is_taken_out] killed         battery/gen_units.py: the order is drawn after the answer is taken out  — fast: experiments/exp6/tests/test_generators_a_6.py::test_the_numbers_and_the_wrong_options_follow_the_readme[unit_interp1-kinds0-share0]
[a_record_of_other_renderers_is_accepted] killed         battery/audit_bbkeys_6.py: a record of other renderers is accepted  — fast: experiments/exp6/tests/test_bbkeys_6.py::test_no_item_is_written_behind_an_unaudited_gate
[a_shot_may_ask_what_an_item_asks] killed         battery/spec.py: a shot may ask what an item asks  — fast: experiments/exp6/tests/test_spec_6.py::test_a_shot_gives_no_eval_item_away
[the_other_options_are_listed_by_size] killed         battery/gen_units.py: the other options are listed by size  — fast: experiments/exp6/tests/test_generators_a_6.py::test_the_numbers_and_the_options_do_not_say_what_is_asked[unit_interp1]
[level_2_a_candidate_that_is_the_printed_rate_is_kept] killed         battery/gen_units.py: level 2: a candidate that is the printed rate is kept  — fast: experiments/exp6/tests/test_generators_a_6.py::test_the_numbers_and_the_wrong_options_follow_the_readme[unit_interp2-kinds1-share1]
[level_2_the_content_key_is_not_sorted] killed         battery/gen_units.py: level 2: the content key is not sorted  — fast: experiments/exp6/tests/test_generators_a_6.py::test_what_the_slot_fixes[unit_interp2]
[level_2_the_question_key_names_the_subject] killed         battery/gen_units.py: level 2: the question key names the subject  — fast: experiments/exp6/tests/test_generators_a_6.py::test_what_the_slot_fixes[unit_interp2]
[level_1_the_question_key_leaves_the_roles_out] killed         battery/gen_units.py: level 1: the question key leaves the roles out  — fast: experiments/exp6/tests/test_generators_a_6.py::test_the_numbers_and_the_wrong_options_follow_the_readme[unit_interp1-kinds0-share0]
[a_pair_asked_the_other_way_round_is_another_question] killed         battery/gen_arith.py: a pair asked the other way round is another question  — fast: experiments/exp6/tests/test_generators_a_6.py::test_no_two_modarith_items_ask_one_pair[modarith_add1]
[a_worked_line_may_show_the_item_s_own_pair] killed         battery/gen_arith.py: a worked line may show the item's own pair  — fast: experiments/exp6/tests/test_generators_a_6.py::test_no_two_modarith_items_ask_one_pair[modarith_add1]
[two_items_may_ask_one_question] killed         battery/spec.py: two items may ask one question  — fast: experiments/exp6/tests/test_spec_6.py::test_no_two_items_ask_one_question
[a_modarith_shot_s_worked_lines_gate_nothing] killed         battery/gen_arith.py: a modarith shot's worked lines gate nothing  — fast: experiments/exp6/tests/test_generators_a_6.py::test_no_two_modarith_items_ask_one_pair[modarith_mul1]
[what_a_shot_shows_beside_a_result_gates_nothing] killed         battery/spec.py: what a shot shows beside a result gates nothing  — fast: experiments/exp6/tests/test_spec_6.py::test_a_shot_gives_no_eval_item_away
[an_eval_item_is_refused_for_what_a_shot_would_show] killed         battery/spec.py: an eval item is refused for what a shot would show  — fast: experiments/exp6/tests/test_spec_6.py::test_a_shot_gives_no_eval_item_away
[a_shot_that_asks_an_eval_item_s_question_is_a_duplicate_not_a_give_away] killed         battery/spec.py: a shot that asks an eval item's question is a duplicate, not a give-away  — fast: experiments/exp6/tests/test_spec_6.py::test_no_two_items_ask_one_question
[a_guard_guards_nothing] killed         battery/spec.py: a guard guards nothing  — fast: experiments/exp6/tests/test_spec_6.py::test_a_shot_gives_no_eval_item_away
[level_1_the_content_key_leaves_the_answer_out] killed         battery/gen_units.py: level 1: the content key leaves the answer out  — fast: experiments/exp6/tests/test_generators_a_6.py::test_what_a_unit_item_would_give_away
[a_transcription_may_answer_two_words] killed         battery/gen_words.py: a transcription may answer two words  — fast: experiments/exp6/tests/test_generators_a_6.py::test_ipa
[level_2_a_shot_may_print_an_item_s_numbers_in_other_roles] killed         battery/gen_units.py: level 2: a shot may print an item's numbers in other roles  — fast: experiments/exp6/tests/test_generators_a_6.py::test_what_the_slot_fixes[unit_interp2]
[level_1_1_is_offered_as_a_fill] killed         battery/gen_units.py: level 1: 1 is offered as a fill  — fast: experiments/exp6/tests/test_generators_a_6.py::test_the_numbers_and_the_wrong_options_follow_the_readme[unit_interp1-kinds0-share0]
[level_1_the_list_position_cycles_with_the_subject] killed         battery/gen_units.py: level 1: the list position cycles with the subject  — fast: experiments/exp6/tests/test_generators_a_6.py::test_what_the_slot_fixes[unit_interp1]
[the_deduction_key_leaves_the_position_asked_out] killed         battery/gen_logic.py: the deduction key leaves the position asked out  — fast: experiments/exp6/tests/test_generators_b_6.py::test_no_deduction_shot_gives_an_item_away[deduction3-3]
[level_2_the_cap_is_put_to_the_answer_alone] killed         battery/gen_units.py: level 2: the cap is put to the answer alone  — fast: experiments/exp6/tests/test_generators_a_6.py::test_every_rung_is_500_clean_items
[a_clue_worded_the_other_way_round_is_another_puzzle] killed         battery/gen_logic.py: a clue worded the other way round is another puzzle  — fast: experiments/exp6/tests/test_generators_b_6.py::test_no_deduction_shot_gives_an_item_away[deduction3-3]
[two_temporal_items_may_be_one_schedule] killed         battery/gen_logic.py: two temporal items may be one schedule  — fast: experiments/exp6/tests/test_generators_b_6.py::test_no_two_temporal_items_are_one_schedule
[the_unit_word_rule_multiplies_whatever_the_words_say] killed         floors_6.py: the unit-word rule multiplies whatever the words say  — fast: experiments/exp6/tests/test_battery_6.py::test_heuristic_floors
[level_1_a_sentence_that_restates_its_own_rate_is_kept] killed         battery/gen_units.py: level 1: a sentence that restates its own rate is kept  — fast: experiments/exp6/tests/test_bbkeys_6.py::test_generate_writes_what_payload_builds
[items_are_written_behind_an_unaudited_gate] killed         battery/generate.py: items are written behind an unaudited gate  — fast: experiments/exp6/tests/test_bbkeys_6.py::test_no_item_is_written_behind_an_unaudited_gate
[an_item_file_is_read_whatever_it_hashes_to] killed         battery_6.py: an item file is read whatever it hashes to  — fast: experiments/exp6/tests/test_battery_6.py::test_a_tampered_item_file_is_refused
[an_overlap_record_of_other_items_is_accepted] killed         battery/overlap_6.py: an overlap record of other items is accepted  — fast: experiments/exp6/tests/test_battery_6.py::test_the_content_overlap_record
[a_worked_pair_counts_as_an_asked_pair] killed         battery/overlap_6.py: a worked pair counts as an asked pair  — fast: experiments/exp6/tests/test_battery_6.py::test_the_overlap_is_counted_from_the_text
[a_file_that_names_another_rung_is_accepted] killed         battery_6.py: a file that names another rung is accepted  — fast: experiments/exp6/tests/test_battery_6.py::test_the_loader_refuses_every_header_it_checks[<lambda>-names]
[the_shot_records_are_not_required] killed         battery_6.py: the shot records are not required  — fast: experiments/exp6/tests/test_battery_6.py::test_the_loader_refuses_every_header_it_checks[<lambda>-1
[the_declared_option_count_is_not_checked] killed         battery_6.py: the declared option count is not checked  — fast: experiments/exp6/tests/test_battery_6.py::test_the_loader_refuses_every_header_it_checks[<lambda>-n_options]
[the_floor_of_a_choice_rung_is_its_majority_share_alone] killed         floors_6.py: the floor of a choice rung is its majority share alone  — fast: experiments/exp6/tests/test_battery_6.py::test_floors
[an_option_set_that_omits_the_answer_is_accepted] killed         floors_6.py: an option set that omits the answer is accepted  — fast: experiments/exp6/tests/test_battery_6.py::test_floor_refuses_options_that_omit_the_answer
[the_cross_fit_halves_alternate_by_single_slots] killed         floors_6.py: the cross-fit halves alternate by single slots  — fast: experiments/exp6/tests/test_battery_6.py::test_heuristic_floors
[a_table_guesser_is_scored_on_the_items_it_was_fitted_on] killed         floors_6.py: a table guesser is scored on the items it was fitted on  — fast: experiments/exp6/tests/test_battery_6.py::test_heuristic_floors
[the_heuristic_floor_is_the_worst_guesser_s] killed         floors_6.py: the heuristic floor is the WORST guesser's  — fast: experiments/exp6/tests/test_battery_6.py::test_heuristic_floors
[the_heuristic_pins_are_not_checked] killed         floors_6.py: the heuristic pins are not checked  — fast: experiments/exp6/tests/test_battery_6.py::test_the_two_new_pin_checks_refuse
[read_draws_the_items_need_not_be_0_499_in_order] killed         records_6.py: read_draws: the items need not be 0..499 in order  — fast: experiments/exp6/tests/test_records_6.py::test_read_draws_pins_coverage[<lambda>-items
[the_floor_pins_are_not_checked] killed         floors_6.py: the floor pins are not checked  — fast: experiments/exp6/tests/test_battery_6.py::test_the_pin_checks_refuse_a_table_that_moved
[read_draws_the_seed_set_is_not_checked] killed         records_6.py: read_draws: the seed set is not checked  — fast: experiments/exp6/tests/test_records_6.py::test_read_draws_pins_coverage[<lambda>-seeds]
[read_draws_a_seed_may_carry_fewer_draws] killed         records_6.py: read_draws: a seed may carry fewer draws  — fast: experiments/exp6/tests/test_records_6.py::test_read_draws_pins_coverage[<lambda>-63
[bits_of_the_seeds_read_in_reverse_order] killed         records_6.py: bits_of: the seeds read in reverse order  — fast: experiments/exp6/tests/test_records_6.py::test_bits_counts_blocks_and_tallies
[a_stratum_of_fewer_than_ten_items_is_accepted] killed         strata_6.py: a stratum of fewer than ten items is accepted  — fast: experiments/exp6/tests/test_battery_6.py::test_a_thin_stratum_is_refused
[counts_of_the_ladder_reads_the_last_k_draws] killed         records_6.py: counts_of: the ladder reads the LAST k draws  — fast: experiments/exp6/tests/test_records_6.py::test_bits_counts_blocks_and_tallies
[the_strata_pins_are_not_checked] killed         strata_6.py: the strata pins are not checked  — fast: experiments/exp6/tests/test_battery_6.py::test_the_pin_checks_refuse_a_table_that_moved
[block_counts_a_block_reads_from_the_first_draw] killed         records_6.py: block_counts: a block reads from the first draw  — fast: experiments/exp6/tests/test_records_6.py::test_bits_counts_blocks_and_tallies
[tier_record_no_pinned_field_is_compared] killed         records_6.py: tier record: no pinned field is compared  — fast: experiments/exp6/tests/test_records_6.py::test_every_pinned_field_of_a_tier_record_is_measured[rung-sort5]
[tier_record_the_tallies_are_not_re_derived] killed         records_6.py: tier record: the tallies are not re-derived  — fast: experiments/exp6/tests/test_records_6.py::test_a_tier_record_whose_provenance_was_rewritten_is_caught
[the_structure_pins_are_not_checked] killed         strata_6.py: the structure pins are not checked  — fast: experiments/exp6/tests/test_battery_6.py::test_the_two_new_pin_checks_refuse
[tier_record_the_answers_column_is_not_compared] killed         records_6.py: tier record: the answers column is not compared  — fast: experiments/exp6/tests/test_records_6.py::test_a_tier_record_whose_provenance_was_rewritten_is_caught
[tier_record_the_model_is_not_held_to_its_pin] killed         records_6.py: tier record: the model is not held to its pin  — fast: experiments/exp6/tests/test_records_6.py::test_every_pinned_field_of_a_tier_record_is_measured[model_sha-0000000000000000000000000000000000000000000000000000000000000000]
[tier_record_the_draws_sha_is_not_compared] killed         records_6.py: tier record: the draws' sha is not compared  — fast: experiments/exp6/tests/test_records_6.py::test_every_pinned_field_of_a_tier_record_is_measured[draws_sha256-eeeeeeeeeeeeeeeeeeeeeeeeeeeeeeeeeeeeeeeeeeeeeeeeeeeeeeeeeeeeeeee]
[diff_draws_a_differing_draw_is_not_counted] killed         records_6.py: diff_draws: a differing draw is not counted  — fast: experiments/exp6/tests/test_records_6.py::test_diff_draws_counts_what_it_compared
[unit_record_no_pinned_field_is_compared] killed         records_6.py: unit record: no pinned field is compared  — fast: experiments/exp6/tests/test_records_6.py::test_every_pinned_field_of_a_unit_record_is_measured[rung-sort5]
[unit_record_the_bits_are_not_re_derived] killed         records_6.py: unit record: the bits are not re-derived  — fast: experiments/exp6/tests/test_records_6.py::test_the_bits_are_rederived_from_the_continuations
[unit_record_the_count_is_not_re_derived] killed         records_6.py: unit record: the count is not re-derived  — fast: experiments/exp6/tests/test_records_6.py::test_every_pinned_field_of_a_unit_record_is_measured[correct-500]
[unit_record_not_held_to_its_load_record] killed         records_6.py: unit record: not held to its load record  — fast: experiments/exp6/tests/test_records_6.py::test_every_pinned_field_of_a_unit_record_is_measured[commit-main]
[unit_record_the_predictor_seal_s_sha_is_not_compared] killed         records_6.py: unit record: the predictor seal's sha is not compared  — fast: experiments/exp6/tests/test_records_6.py::test_every_pinned_field_of_a_unit_record_is_measured[predictor_sha256-0000000000000000000000000000000000000000000000000000000000000000]
[the_structure_level_is_not_crossed_into_the_strata] killed         strata_6.py: the structure level is not crossed into the strata  — fast: experiments/exp6/tests/test_battery_6.py::test_structure_levels_are_what_they_say
[unit_record_the_host_is_not_compared] killed         records_6.py: unit record: the host is not compared  — fast: experiments/exp6/tests/test_records_6.py::test_every_pinned_field_of_a_unit_record_is_measured[host_sha256-0000000000000000000000000000000000000000000000000000000000000000]
[unit_record_the_sealed_endpoint_s_sha_is_not_compared] killed         records_6.py: unit record: the sealed endpoint's sha is not compared  — fast: experiments/exp6/tests/test_records_6.py::test_every_pinned_field_of_a_unit_record_is_measured[endpoint_sha256-0000000000000000000000000000000000000000000000000000000000000000]
[unit_record_a_step_record_may_carry_another_step] killed         records_6.py: unit record: a step record may carry another step  — fast: experiments/exp6/tests/test_records_6.py::test_every_pinned_field_of_a_unit_record_is_measured[step-2000]
[load_record_no_field_is_compared] killed         records_6.py: load record: no field is compared  — fast: experiments/exp6/tests/test_records_6.py::test_every_field_of_a_load_record_is_measured[family-olmo13b-family]
[load_record_a_missing_tensor_digest_is_accepted] killed         records_6.py: load record: a missing tensor digest is accepted  — fast: experiments/exp6/tests/test_records_6.py::test_every_field_of_a_load_record_is_measured[digest--digest]
[load_record_finiteness_need_not_be_measured] killed         records_6.py: load record: finiteness need not be measured  — fast: experiments/exp6/tests/test_records_6.py::test_every_field_of_a_load_record_is_measured[n_nonfinite_logits-None-finiteness]
[halt_scan_a_failed_step_s_evidence_is_not_a_marker] killed         records_6.py: halt scan: a failed step's evidence is not a marker  — fast: experiments/exp6/tests/test_records_6.py::test_halt_markers_see_both_artifacts
[halt_scan_halted_draws_without_their_marker_are_not_seen] killed         records_6.py: halt scan: halted draws without their marker are not seen  — fast: experiments/exp6/tests/test_records_6.py::test_halt_markers_see_both_artifacts
[load_record_key_mismatches_in_loading_info_are_accepted] killed         records_6.py: load record: key mismatches in loading_info are accepted  — fast: experiments/exp6/tests/test_records_6.py::test_every_field_of_a_load_record_is_measured[loading_info-value9-mismatches]
[load_record_the_weight_files_shas_are_not_the_manifest_s] killed         records_6.py: load record: the weight files' shas are not the manifest's  — fast: experiments/exp6/tests/test_records_6.py::test_every_field_of_a_load_record_is_measured[sha256-value10-manifest]
[load_record_comma_s_stop_id_need_not_be_overridden] killed         records_6.py: load record: Comma's stop id need not be overridden  — fast: experiments/exp6/tests/test_records_6.py::test_a_twin_carries_its_seed_and_comma_its_stop_id
[halt_scan_a_sweep_s_marker_is_not_seen] killed         records_6.py: halt scan: a sweep's marker is not seen  — fast: experiments/exp6/tests/test_records_6.py::test_halt_markers_see_both_artifacts
[load_record_the_twin_s_seed_is_not_compared] killed         records_6.py: load record: the twin's seed is not compared  — fast: experiments/exp6/tests/test_records_6.py::test_a_twin_carries_its_seed_and_comma_its_stop_id
[halt_scan_the_endpoint_stage_s_marker_is_not_seen] killed         records_6.py: halt scan: the endpoint stage's marker is not seen  — fast: experiments/exp6/tests/test_records_6.py::test_halt_markers_see_both_artifacts
[the_pilot_samples_the_main_tier_s_seeds] killed         records_6.py: the pilot samples the main tier's seeds  — fast: experiments/exp6/tests/test_records_6.py::test_the_tiers_and_units
[evaluate_a_short_list_of_continuations_is_scored] killed         records_6.py: evaluate: a short list of continuations is scored  — fast: experiments/exp6/tests/test_records_6.py::test_a_runner_that_returns_too_few_continuations_is_refused
[gate_1_p_does_not_cover_the_control] killed         referents_6.py: gate 1-P does not cover the control  — fast: experiments/exp6/tests/test_referents_6.py::test_the_gated_units_are_the_eight
[the_cross_host_tolerance_is_ten_times_wider] killed         referents_6.py: the cross-host tolerance is ten times wider  — fast: experiments/exp6/tests/test_referents_6.py::test_anchor_tolerance
[anchor_tolerance_a_missing_count_passes] killed         referents_6.py: anchor tolerance: a missing count passes  — fast: experiments/exp6/tests/test_referents_6.py::test_anchor_tolerance
[anchor_tolerance_the_bar_is_one_item_wider] killed         referents_6.py: anchor tolerance: the bar is one item wider  — fast: experiments/exp6/tests/test_referents_6.py::test_anchor_tolerance
[gate_1_p_does_not_cover_the_anchors] killed         referents_6.py: gate 1-P does not cover the anchors  — fast: experiments/exp6/tests/test_referents_6.py::test_the_gated_units_are_the_eight
[gate_1_b_the_init_referent_is_not_gated] killed         referents_6.py: gate 1(b): the init referent is not gated  — fast: experiments/exp6/tests/test_referents_6.py::test_gate1b_is_one_function_of_the_counts
[halt_scan_the_predictor_stage_s_marker_is_not_seen] killed         records_6.py: halt scan: the predictor stage's marker is not seen  — fast: experiments/exp6/tests/test_predict_6.py::test_the_predictor_seal_refuses_over_a_halt_marker
[the_anchors_d_tolerance_is_ten_times_wider] killed         referents_6.py: the anchors' D tolerance is ten times wider  — fast: experiments/exp6/tests/test_referents_6.py::test_anchor_tolerance
[a_tag_binds_a_name_not_the_bytes] killed         pins_6.py: a tag binds a name, not the bytes  — fast: experiments/exp6/tests/test_pins_6.py::test_require_tag
[a_missing_preregistration_tag_is_accepted] killed         pins_6.py: a missing preregistration tag is accepted  — fast: experiments/exp6/tests/test_pins_6.py::test_require_tag
[a_seal_whose_files_drifted_is_accepted] killed         pins_6.py: a seal whose files drifted is accepted  — fast: experiments/exp6/tests/test_pins_6.py::test_seal_failures_never_raise
[a_missing_seal_tag_is_accepted] killed         pins_6.py: a missing seal tag is accepted  — fast: experiments/exp6/tests/test_pins_6.py::test_seal_failures_never_raise
[a_raising_binding_escapes_the_seal_check] killed         pins_6.py: a raising binding escapes the seal check  — fast: experiments/exp6/tests/test_pins_6.py::test_seal_failures_never_raise
[a_file_bound_by_the_tag_must_also_be_pinned] killed         pins_6.py: a file bound by the tag must also be pinned  — fast: experiments/exp6/tests/test_pins_6.py::test_the_pinned_surface_passes
[a_drifted_imported_module_is_accepted] killed         pins_6.py: a drifted imported module is accepted  — fast: experiments/exp6/tests/test_pins_6.py::test_a_frozen_module_that_drifted_is_refused
[an_unpinned_module_on_the_import_surface_is_accepted] killed         pins_6.py: an unpinned module on the import surface is accepted  — fast: experiments/exp6/tests/test_pins_6.py::test_an_imported_module_that_drifted_or_is_unpinned_is_refused
[a_drifted_frozen_module_is_accepted] killed         pins_6.py: a drifted frozen module is accepted  — fast: experiments/exp6/tests/test_pins_6.py::test_a_frozen_module_that_drifted_is_refused
[the_item_files_are_not_bound_by_the_preregistration_tag] killed         pins_6.py: the item files are not bound by the preregistration tag  — fast: experiments/exp6/tests/test_pins_6.py::test_the_tag_binds_the_item_files
[any_file_may_be_exempted_from_the_import_pin] killed         pins_6.py: any file may be exempted from the import pin  — fast: experiments/exp6/tests/test_pins_6.py::test_only_the_preflight_may_be_exempted
[a_host_off_the_stack_pin_is_accepted] killed         run/_common_6.py: a host off the stack pin is accepted  — fast: experiments/exp6/tests/test_common_6.py::test_the_stack_pin_is_exp5s
[a_host_on_another_python_is_accepted] killed         run/_common_6.py: a host on another Python is accepted  — fast: experiments/exp6/tests/test_common_6.py::test_the_stack_pin_is_exp5s
[a_host_record_need_not_hash_to_its_own_key] killed         run/_common_6.py: a host record need not hash to its own key  — fast: experiments/exp6/tests/test_common_6.py::test_a_host_record_is_named_by_what_identifies_the_host
[the_runners_do_not_check_the_frozen_modules] killed         run/_common_6.py: the runners do not check the frozen modules  — fast: experiments/exp6/tests/test_common_6.py::test_the_gates_every_runner_passes
[a_runner_starts_over_a_halt_marker] killed         run/_common_6.py: a runner starts over a halt marker  — fast: experiments/exp6/tests/test_common_6.py::test_a_runner_refuses_over_a_halt_marker
[an_exit_gate_that_fails_writes_no_marker] killed         run/_common_6.py: an exit gate that fails writes no marker  — fast: experiments/exp6/tests/test_common_6.py::test_the_exit_gate
[an_exit_gate_that_fails_does_not_raise] killed         run/_common_6.py: an exit gate that fails does not raise  — fast: experiments/exp6/tests/test_common_6.py::test_the_exit_gate
[the_exit_gate_checks_nothing] killed         run/_common_6.py: the exit gate checks nothing  — fast: experiments/exp6/tests/test_common_6.py::test_the_exit_gate
[the_node_does_not_identify_a_host] killed         run/_common_6.py: the node does not identify a host  — fast: experiments/exp6/tests/test_common_6.py::test_a_host_record_is_named_by_what_identifies_the_host
[sampling_continues_after_the_seal] killed         run/predict_6.py: sampling continues after the seal  — fast: experiments/exp6/tests/test_predict_6.py::test_the_predictor_is_sealed_once_and_nothing_is_sampled_after
[a_loader_off_its_pin_samples] killed         run/predict_6.py: a loader off its pin samples  — fast: experiments/exp6/tests/test_predict_6.py::test_a_loader_off_its_pin_samples_nothing[commit]
[gate_1_p_does_not_halt_on_a_differing_stream] survived-fast  run/predict_6.py: gate 1-P does not halt on a differing stream
[the_gated_units_run_last] killed         run/predict_6.py: the gated units run last  — fast: experiments/exp6/tests/test_predict_6.py::test_the_gated_units_run_first[olmo2_1b]
[a_torn_record_draws_pair_resumes] killed         run/predict_6.py: a torn record+draws pair resumes  — fast: experiments/exp6/tests/test_predict_6.py::test_a_torn_unit_is_not_resumed
[the_predictor_seals_over_failures] killed         run/seal_predictor_6.py: the predictor seals over failures  — fast: experiments/exp6/tests/test_predict_6.py::test_the_predictor_seal_refuses_a_tree_with_failures
[the_predictor_stage_has_no_exit_gate] survived-fast  run/predict_6.py: the predictor stage has no exit gate
[gate_1_p_coverage_is_not_counted] killed         run/seal_predictor_6.py: gate 1-P: coverage is not counted  — fast: experiments/exp6/tests/test_predict_6.py::test_gate_1p_counts_its_coverage
[the_predictor_stage_runs_without_the_gates] survived-fast  run/predict_6.py: the predictor stage runs without the gates
[gate_1_p_a_missing_gated_unit_passes] killed         run/seal_predictor_6.py: gate 1-P: a missing gated unit passes  — fast: experiments/exp6/tests/test_predict_6.py::test_gate_1p_counts_its_coverage
[the_predictor_is_sealed_twice] killed         run/seal_predictor_6.py: the predictor is sealed twice  — fast: experiments/exp6/tests/test_predict_6.py::test_the_predictor_is_sealed_once_and_nothing_is_sampled_after
[gate_1_p_differing_draws_pass] survived-fast  run/seal_predictor_6.py: gate 1-P: differing draws pass
[the_predictor_seals_over_a_halt_marker] killed         run/seal_predictor_6.py: the predictor seals over a halt marker  — fast: experiments/exp6/tests/test_predict_6.py::test_the_predictor_seal_refuses_over_a_halt_marker
[the_endpoint_stage_runs_on_an_unsealed_predictor_s_table] killed         run/endpoint_6.py: the endpoint stage runs on an unsealed predictor's table  — fast: experiments/exp6/tests/test_stages_6.py::test_the_predictor_seal_is_the_files_on_disk_under_the_tag
[the_endpoint_stage_does_not_require_the_seal_tag] killed         run/endpoint_6.py: the endpoint stage does not require the seal tag  — fast: experiments/exp6/tests/test_stages_6.py::test_the_predictor_seal_is_the_files_on_disk_under_the_tag
[the_predictor_seals_without_the_exit_gate] survived-fast  run/seal_predictor_6.py: the predictor seals without the exit gate
[a_missing_unit_is_not_a_failure] survived-fast  run/seal_predictor_6.py: a missing unit is not a failure
[a_load_is_complete_without_its_records] killed         run/endpoint_6.py: a load is complete without its records  — fast: experiments/exp6/tests/test_stages_6.py::test_a_unit_is_complete_with_its_records_and_not_before
[gate_1_b_fires_and_nothing_halts] survived-fast  run/endpoint_6.py: gate 1(b) fires and nothing halts
[a_host_off_the_stack_pin_runs_the_endpoint_stage] killed         run/endpoint_6.py: a host off the stack pin runs the endpoint stage  — fast: experiments/exp6/tests/test_stages_6.py::test_a_host_off_the_stack_pin_loads_nothing
[the_endpoint_stage_has_no_exit_gate] survived-fast  run/endpoint_6.py: the endpoint stage has no exit gate
[a_rung_a_guesser_solves_whole_is_beyond_its_floor] killed         run/seal_endpoint_6.py: a rung a guesser solves whole is beyond its floor  — fast: experiments/exp6/tests/test_analyze_unit_6.py::test_rung_level_prints_both_floors
[every_rung_is_in_r_f] killed         run/seal_endpoint_6.py: every rung is in R_f  — fast: experiments/exp6/tests/test_analyze_unit_6.py::test_the_rung_sets_hold_both_sets
[the_rung_sets_are_not_re_derived] killed         run/seal_endpoint_6.py: the rung sets are not re-derived  — fast: experiments/exp6/tests/test_stages_6.py::test_the_rung_sets_record_is_measured_against_the_stage
[r_heuristic_drops_the_rungs_that_have_no_guesser] killed         run/seal_endpoint_6.py: R_heuristic drops the rungs that have no guesser  — fast: experiments/exp6/tests/test_analyze_unit_6.py::test_the_rung_sets_hold_both_sets
[a_sealed_file_that_changed_is_accepted] killed         run/seal_endpoint_6.py: a sealed file that changed is accepted  — fast: experiments/exp6/tests/test_stages_6.py::test_the_rung_sets_record_is_measured_against_the_stage
[r_heuristic_is_r_f] killed         run/seal_endpoint_6.py: R_heuristic is R_f  — fast: experiments/exp6/tests/test_analyze_unit_6.py::test_the_rung_sets_hold_both_sets
[the_seal_s_file_table_is_not_the_stage_s] killed         run/seal_endpoint_6.py: the seal's file table is not the stage's  — fast: experiments/exp6/tests/test_stages_6.py::test_the_rung_sets_record_is_measured_against_the_stage
[the_endpoint_stage_is_sealed_twice] killed         run/seal_endpoint_6.py: the endpoint stage is sealed twice  — fast: experiments/exp6/tests/test_stages_6.py::test_the_endpoint_seal_refuses_a_tree_with_failures_and_a_second_seal
[the_endpoint_stage_seals_over_failures] killed         run/seal_endpoint_6.py: the endpoint stage seals over failures  — fast: experiments/exp6/tests/test_stages_6.py::test_the_endpoint_seal_refuses_a_tree_with_failures_and_a_second_seal
[a_host_record_need_not_be_named_by_its_sha] killed         run/seal_endpoint_6.py: a host record need not be named by its sha  — fast: experiments/exp6/tests/test_stages_6.py::test_a_host_record_is_named_by_its_own_sha
[an_endpoint_read_from_a_host_with_no_record_is_accepted] killed         run/seal_endpoint_6.py: an endpoint read from a host with no record is accepted  — fast: experiments/exp6/tests/test_stages_6.py::test_an_endpoint_read_names_a_host_that_has_a_record
[gate_1_b_the_runner_s_record_is_not_compared] killed         run/seal_endpoint_6.py: gate 1(b): the runner's record is not compared  — fast: experiments/exp6/tests/test_stages_6.py::test_gate_1b_is_rederived_over_every_family_or_fails
[gate_1_b_an_incomplete_family_is_skipped_silently] killed         run/seal_endpoint_6.py: gate 1(b): an incomplete family is skipped silently  — fast: experiments/exp6/tests/test_stages_6.py::test_gate_1b_is_rederived_over_every_family_or_fails
[the_endpoint_stage_seals_without_the_exit_gate] survived-fast  run/seal_endpoint_6.py: the endpoint stage seals without the exit gate
[gate_1_a_differing_continuations_pass] killed         run/sweep_6.py: gate 1(a): differing continuations pass  — fast: experiments/exp6/tests/test_stages_6.py::test_gate_1_is_three_reads_of_the_endpoint_compared
[gate_1_a_differing_digests_pass] killed         run/sweep_6.py: gate 1(a): differing digests pass  — fast: experiments/exp6/tests/test_stages_6.py::test_gate_1_is_three_reads_of_the_endpoint_compared
[gate_1_b_this_host_against_the_sealed_endpoint_is_not_gated] killed         run/sweep_6.py: gate 1(b): this host against the sealed endpoint is not gated  — fast: experiments/exp6/tests/test_stages_6.py::test_gate_1_is_three_reads_of_the_endpoint_compared
[gate_1_c_the_anchors_failures_are_dropped_from_the_gate] killed         run/sweep_6.py: gate 1(c): the anchors' failures are dropped from the gate  — fast: experiments/exp6/tests/test_stages_6.py::test_gate_1_is_three_reads_of_the_endpoint_compared
[a_host_resumes_behind_a_gate_that_failed] killed         run/sweep_6.py: a host resumes behind a gate that failed  — fast: experiments/exp6/tests/test_stages_6.py::test_a_host_does_not_resume_behind_its_own_failed_gate
[the_sweep_runs_without_the_endpoint_seal] killed         run/sweep_6.py: the sweep runs without the endpoint seal  — fast: experiments/exp6/tests/test_stages_6.py::test_the_sweep_requires_the_sealed_endpoint_stage
[a_step_whose_anchors_are_off_is_written_as_complete] survived-fast  run/sweep_6.py: a step whose anchors are off is written as complete
[the_load_record_is_written_before_the_unit_records] killed         run/sweep_6.py: the load record is written before the unit records  — fast: experiments/exp6/tests/test_stages_6.py::test_the_load_record_is_written_last
[a_failed_gate_does_not_halt_the_sweep] survived-fast  run/sweep_6.py: a failed gate does not halt the sweep
[a_failed_gate_still_writes_the_grid_s_endpoint_unit] survived-fast  run/sweep_6.py: a failed gate still writes the grid's endpoint unit
[a_step_is_complete_without_its_records] killed         run/sweep_6.py: a step is complete without its records  — fast: experiments/exp6/tests/test_stages_6.py::test_a_unit_is_complete_with_its_records_and_not_before
[the_sweep_has_no_exit_gate] survived-fast  run/sweep_6.py: the sweep has no exit gate
[a_predictor_holds_on_two_families] killed         power_6.py: a predictor holds on two families  — fast: experiments/exp6/tests/test_analyze_unit_6.py::test_the_naming_rule_at_three_of_four[fires3-S]
[a_test_is_evaluable_on_two_rungs] killed         power_6.py: a test is evaluable on two rungs  — fast: experiments/exp6/tests/test_analyze_unit_6.py::test_a_test_that_reads_two_rungs_counts_toward_nothing
[at_least_k_reads_at_least_k_plus_one] killed         power_6.py: at-least-k reads at-least-k-plus-one  — fast: experiments/exp6/tests/test_power_6.py::test_poisson_binomial_against_enumeration
[the_fr_chet_lower_bound_is_the_product] killed         power_6.py: the Fréchet lower bound is the product  — fast: experiments/exp6/tests/test_power_6.py::test_frechet_bounds
[p_fails_counts_one_firing_family_as_a_failure_only] killed         power_6.py: P(fails) counts one firing family as a failure only  — fast: experiments/exp6/tests/test_power_6.py::test_tree_level_when_every_test_is_powered
[the_tree_reads_thin_families_as_evaluable] killed         power_6.py: the tree reads thin families as evaluable  — fast: experiments/exp6/tests/test_power_6.py::test_a_predictor_with_two_evaluable_families_cannot_hold
[the_declaration_s_bar_is_strict] killed         power_6.py: the declaration's bar is strict  — fast: experiments/exp6/tests/test_power_6.py::test_the_declaration_at_the_bar
[a_declaration_is_not_re_derived] killed         power_6.py: a declaration is not re-derived  — fast: experiments/exp6/tests/test_power_6.py::test_the_claims_are_rederived
[the_record_s_rungs_need_not_be_r_f] killed         power_6.py: the record's rungs need not be R_f  — fast: experiments/exp6/tests/test_power_6.py::test_the_claims_are_rederived
[the_record_s_lower_bound_need_not_be_the_endpoint_s] killed         power_6.py: the record's lower bound need not be the endpoint's  — fast: experiments/exp6/tests/test_power_6.py::test_the_claims_are_rederived
[the_power_record_is_written_twice] killed         power_6.py: the power record is written twice  — fast: experiments/exp6/tests/test_stages_6.py::test_the_power_record_is_not_written_behind_an_exit_gate_that_fires
[the_simulated_rungs_are_not_re_derived] killed         power_6.py: the simulated rungs are not re-derived  — fast: experiments/exp6/tests/test_power_6.py::test_the_claims_are_rederived
[the_power_record_is_written_without_the_exit_gate] killed         power_6.py: the power record is written without the exit gate  — fast: experiments/exp6/tests/test_stages_6.py::test_the_power_record_is_not_written_behind_an_exit_gate_that_fires
[the_tree_level_figures_are_not_re_derived] killed         power_6.py: the tree-level figures are not re-derived  — fast: experiments/exp6/tests/test_power_6.py::test_the_claims_are_rederived
[the_endpoint_stage_falls_through_an_empty_loader_table] killed         run/endpoint_6.py: the endpoint stage falls through an empty loader table  — fast: experiments/exp6/tests/test_stages_6.py::test_a_loader_table_that_is_handed_in_is_the_one_used
[the_sweep_falls_through_an_empty_loader_table] killed         run/sweep_6.py: the sweep falls through an empty loader table  — fast: experiments/exp6/tests/test_stages_6.py::test_a_loader_table_that_is_handed_in_is_the_one_used
[the_predictor_stage_falls_through_a_falsy_loader] killed         run/predict_6.py: the predictor stage falls through a falsy loader  — fast: experiments/exp6/tests/test_predict_6.py::test_a_loader_that_is_handed_in_is_the_one_used
[the_predictor_stage_falls_through_a_falsy_sampler] killed         run/predict_6.py: the predictor stage falls through a falsy sampler  — fast: experiments/exp6/tests/test_predict_6.py::test_a_loader_that_is_handed_in_is_the_one_used
[the_power_record_is_written_without_the_rung_sets] killed         power_6.py: the power record is written without the rung sets  — fast: experiments/exp6/tests/test_power_6.py::test_the_power_record_is_written_once_and_after_the_rung_sets
[the_predictor_preflight_falls_through_a_falsy_loader] killed         run/preflight_6.py: the predictor preflight falls through a falsy loader  — fast: experiments/exp6/tests/test_preflight_6.py::test_the_preflight_uses_the_loaders_it_is_handed
[the_predictor_preflight_falls_through_a_falsy_sampler] killed         run/preflight_6.py: the predictor preflight falls through a falsy sampler  — fast: experiments/exp6/tests/test_preflight_6.py::test_the_preflight_uses_the_loaders_it_is_handed
[evaluable_needs_four_rungs] killed         analyze_6.py: evaluable needs four rungs  — fast: experiments/exp6/tests/test_analyze_unit_6.py::test_a_test_that_reads_two_rungs_counts_toward_nothing
[the_outcome_preflight_falls_through_an_empty_loader_table] killed         run/preflight_6.py: the outcome preflight falls through an empty loader table  — fast: experiments/exp6/tests/test_preflight_6.py::test_the_preflight_uses_the_loaders_it_is_handed
[a_status_is_named_on_two_evaluable_families] killed         analyze_6.py: a status is named on two evaluable families  — fast: experiments/exp6/tests/test_analyze_unit_6.py::test_a_test_that_reads_two_rungs_counts_toward_nothing
[holding_needs_more_than_the_bar] killed         analyze_6.py: holding needs more than the bar  — fast: experiments/exp6/tests/test_analyze_unit_6.py::test_the_naming_rule_at_three_of_four[fires1-H]
[one_firing_family_is_a_split] killed         analyze_6.py: one firing family is a split  — fast: experiments/exp6/tests/test_analyze_unit_6.py::test_the_naming_rule_at_three_of_four[fires5-F]
[a_test_that_is_not_evaluable_counts_when_it_fires] killed         analyze_6.py: a test that is not evaluable counts when it fires  — fast: experiments/exp6/tests/test_analyze_unit_6.py::test_a_test_that_reads_two_rungs_counts_toward_nothing
[h_u_is_named_general] killed         analyze_6.py: (H, U) is named GENERAL  — fast: experiments/exp6/tests/test_analyze_unit_6.py::test_all_sixteen_pairs_name_a_world
[f_f_is_named_split] killed         analyze_6.py: (F, F) is named SPLIT  — fast: experiments/exp6/tests/test_analyze_unit_6.py::test_all_sixteen_pairs_name_a_world
[the_headline_counts_an_interval_that_touches_zero] killed         analyze_6.py: the headline counts an interval that touches zero  — fast: experiments/exp6/tests/test_analyze_unit_6.py::test_the_headline_condition
[the_headline_needs_two_families] killed         analyze_6.py: the headline needs two families  — fast: experiments/exp6/tests/test_analyze_unit_6.py::test_the_headline_condition
[the_headline_needs_one_rung_type] killed         analyze_6.py: the headline needs one rung type  — fast: experiments/exp6/tests/test_analyze_unit_6.py::test_the_headline_condition
[the_headline_reads_a_predictor_that_does_not_hold] killed         analyze_6.py: the headline reads a predictor that does not hold  — fast: experiments/exp6/tests/test_analyze_unit_6.py::test_the_headline_condition
[battery_bound_reads_the_tests_that_were_not_evaluable] killed         analyze_6.py: BATTERY-BOUND reads the tests that were not evaluable  — fast: experiments/exp6/tests/test_analyze_unit_6.py::test_battery_bound_is_read_under_the_power_record
[battery_bound_is_powered_if_any_test_was] killed         analyze_6.py: BATTERY-BOUND is POWERED if any test was  — fast: experiments/exp6/tests/test_analyze_unit_6.py::test_battery_bound_is_read_under_the_power_record
[an_underpowered_test_that_did_not_fire_is_not_disclosed] killed         analyze_6.py: an underpowered test that did not fire is not disclosed  — fast: experiments/exp6/tests/test_analyze_unit_6.py::test_battery_bound_is_read_under_the_power_record
[a_test_that_read_fewer_rungs_than_r_f_is_not_disclosed] killed         analyze_6.py: a test that read fewer rungs than R_f is not disclosed  — fast: experiments/exp6/tests/test_analyze_unit_6.py::test_a_test_that_reads_less_than_R_f_says_so_against_the_power_record
[predictor_stage_gate_1_p_s_record_is_not_compared] survived-fast  analyze_6.py: predictor stage: gate 1-P's record is not compared
[predictor_stage_the_seal_need_not_describe_the_disk] survived-fast  analyze_6.py: predictor stage: the seal need not describe the disk
[predictor_stage_the_seal_s_counts_are_not_re_derived] survived-fast  analyze_6.py: predictor stage: the seal's counts are not re-derived
[predictor_stage_the_seal_s_models_are_not_the_pins] survived-fast  analyze_6.py: predictor stage: the seal's models are not the pins
[sealed_stages_the_rung_sets_are_not_tied_to_the_predictor_seal] survived-fast  analyze_6.py: sealed stages: the rung sets are not tied to the predictor seal
[predictor_stage_the_seal_s_binding_failures_are_dropped] survived-fast  analyze_6.py: predictor stage: the seal's binding failures are dropped
[sealed_stages_the_rung_sets_failures_are_dropped] survived-fast  analyze_6.py: sealed stages: the rung sets' failures are dropped
[sealed_stages_gate_1_b_s_failures_are_dropped] survived-fast  analyze_6.py: sealed stages: gate 1(b)'s failures are dropped
[gate_1_the_re_derived_failures_are_dropped] survived-fast  analyze_6.py: gate 1: the re-derived failures are dropped
[gate_1_the_runner_s_record_is_not_compared] survived-fast  analyze_6.py: gate 1: the runner's record is not compared
[gate_1_the_record_is_not_tied_to_the_sealed_endpoint] survived-fast  analyze_6.py: gate 1: the record is not tied to the sealed endpoint
[sweep_an_unfinished_family_delivers_a_verdict] survived-fast  analyze_6.py: sweep: an unfinished family delivers a verdict
[sweep_a_step_with_a_missing_record_is_skipped_silently] survived-fast  analyze_6.py: sweep: a step with a missing record is skipped silently
[sweep_the_anchors_are_not_gated_at_every_step] survived-fast  analyze_6.py: sweep: the anchors are not gated at every step
[outcome_an_item_counts_once_however_often_it_verifies] killed         analyze_6.py: outcome: an item counts once however often it verifies  — fast: experiments/exp6/tests/test_analyze_unit_6.py::test_the_outcome_is_the_count_of_grid_points
[sweep_a_sweep_host_with_no_host_record_is_accepted] survived-fast  analyze_6.py: sweep: a sweep host with no host record is accepted
[sweep_a_gate_record_that_did_not_pass_is_accepted] survived-fast  analyze_6.py: sweep: a gate record that did not pass is accepted
[sweep_a_host_s_gate_reads_are_not_loaded] survived-fast  analyze_6.py: sweep: a host's gate reads are not loaded
[sweep_the_endpoint_unit_need_not_be_the_candidate_read] survived-fast  analyze_6.py: sweep: the endpoint unit need not be the candidate read
[outcome_the_init_referent_may_enter_an_outcome] killed         analyze_6.py: outcome: the init referent may enter an outcome  — fast: experiments/exp6/tests/test_analyze_unit_6.py::test_the_outcome_is_the_count_of_grid_points
[first_correct_later_is_larger] killed         analyze_6.py: first-correct: later is larger  — fast: experiments/exp6/tests/test_analyze_unit_6.py::test_the_outcome_is_the_count_of_grid_points
[run_a_halt_marker_is_not_a_failure] killed         analyze_6.py: run: a halt marker is not a failure  — fast: experiments/exp6/tests/test_run_6.py::test_a_halt_marker_is_a_refusal
[the_primary_reads_predictor_a_for_both_tests] survived-fast  analyze_6.py: the primary reads predictor A for both tests
[the_primary_reads_r_heuristic] survived-fast  analyze_6.py: the primary reads R_heuristic
[the_test_inputs_read_the_init_referent_s_counts] survived-fast  analyze_6.py: the test inputs read the init referent's counts
[run_the_power_record_s_claims_are_not_checked] survived-fast  analyze_6.py: run: the power record's claims are not checked
[run_the_endpoint_seal_s_binding_failures_are_dropped] killed         analyze_6.py: run: the endpoint seal's binding failures are dropped  — fast: experiments/exp6/tests/test_run_6.py::test_an_empty_tree_is_refused_for_what_it_lacks
[run_the_power_record_need_not_be_of_this_predictor_seal] survived-fast  analyze_6.py: run: the power record need not be of this predictor seal
[run_the_power_record_need_not_be_of_these_rung_sets] survived-fast  analyze_6.py: run: the power record need not be of these rung sets
[run_a_verdict_is_delivered_over_failures] survived-fast  analyze_6.py: run: a verdict is delivered over failures
[run_a_sweep_s_failures_are_dropped] survived-fast  analyze_6.py: run: a sweep's failures are dropped
[run_an_unpinned_import_surface_is_not_a_failure] killed         analyze_6.py: run: an unpinned import surface is not a failure  — fast: experiments/exp6/tests/test_run_6.py::test_a_build_whose_pins_are_not_filled_is_refused
[run_an_unpinned_referent_manifest_is_not_a_failure] killed         analyze_6.py: run: an unpinned referent manifest is not a failure  — fast: experiments/exp6/tests/test_run_6.py::test_a_build_whose_pins_are_not_filled_is_refused
[run_an_incomplete_endpoint_stage_is_swept] survived-fast  analyze_6.py: run: an incomplete endpoint stage is swept
[s12_the_stress_mark_is_not_relaxed] killed         analyze_6.py: S12: the stress mark is not relaxed  — fast: experiments/exp6/tests/test_analyze_unit_6.py::test_the_relaxed_transcription
[s12_the_relaxed_rung_enters_whatever_its_count] survived-fast  analyze_6.py: S12: the relaxed rung enters whatever its count
[s12_the_outcome_is_relaxed_and_the_predictor_is_not] survived-fast  analyze_6.py: S12: the outcome is relaxed and the predictor is not
[rung_level_the_transient_clears_are_the_final_ones] killed         analyze_6.py: rung level: the transient clears are the final ones  — fast: experiments/exp6/tests/test_analyze_unit_6.py::test_a_rung_that_cleared_and_fell_back_is_a_transient_clear
[s12_the_relaxed_floor_is_the_strict_answers] survived-fast  analyze_6.py: S12: the relaxed floor is the strict answers'
[s13_the_tests_are_read_over_r_f] survived-fast  analyze_6.py: S13: the tests are read over R_f
[s11_the_tests_are_read_in_the_primary_s_strata] survived-fast  analyze_6.py: S11: the tests are read in the primary's strata
[collapses_the_threshold_is_one_item] killed         analyze_6.py: collapses: the threshold is one item  — fast: experiments/exp6/tests/test_analyze_unit_6.py::test_collapses_and_ceiling
[ceiling_an_item_verifying_at_all_but_one_point_is_at_the_ceiling] killed         analyze_6.py: ceiling: an item verifying at all but one point is at the ceiling  — fast: experiments/exp6/tests/test_analyze_unit_6.py::test_collapses_and_ceiling
[answer_prior_an_item_s_own_draws_count_toward_its_prior] killed         analyze_6.py: answer prior: an item's own draws count toward its prior  — fast: experiments/exp6/tests/test_analyze_unit_6.py::test_the_answer_prior
[the_preflight_does_not_notice_what_it_wrote] killed         run/preflight_6.py: the preflight does not notice what it wrote  — fast: experiments/exp6/tests/test_preflight_6.py::test_a_preflight_that_writes_under_results_is_refused
[a_rehearsal_that_differs_passes] killed         run/preflight_6.py: a rehearsal that differs passes  — fast: experiments/exp6/tests/test_preflight_6.py::test_a_rehearsal_that_differs_fails
[an_unseeded_sampler_passes] killed         run/preflight_6.py: an unseeded sampler passes  — fast: experiments/exp6/tests/test_preflight_6.py::test_a_sampler_that_is_not_seeded_fails
[a_non_finite_predictor_passes] killed         run/preflight_6.py: a non-finite predictor passes  — fast: experiments/exp6/tests/test_preflight_6.py::test_a_predictor_with_non_finite_logits_fails
[a_non_finite_endpoint_passes] killed         run/preflight_6.py: a non-finite endpoint passes  — fast: experiments/exp6/tests/test_preflight_6.py::test_a_non_finite_endpoint_fails_and_a_non_finite_first_step_is_reported
[a_stop_id_that_was_not_overridden_passes] killed         run/preflight_6.py: a stop id that was not overridden passes  — fast: experiments/exp6/tests/test_preflight_6.py::test_a_stop_id_that_was_not_overridden_fails
[totality_c6700db859] killed         analyze_6.py: run(): collect_total stripped at "6 halt scan"  — fast: experiments/exp6/tests/test_run_6.py::test_a_check_that_raises_at_the_door_is_a_refusal[6
[the_preflight_scores_the_whole_rung] killed         run/preflight_6.py: the preflight scores the whole rung  — fast: experiments/exp6/tests/test_preflight_6.py::test_the_outcome_preflight
[two_loaders_that_disagree_pass] killed         run/preflight_6.py: two loaders that disagree pass  — fast: experiments/exp6/tests/test_preflight_6.py::test_two_loaders_that_disagree_fail
[totality_e21b160618] killed         analyze_6.py: run(): collect_total stripped at "6 frozen modules"  — fast: experiments/exp6/tests/test_run_6.py::test_a_check_that_raises_at_the_door_is_a_refusal[6
[the_preflight_skips_the_frozen_check] killed         run/preflight_6.py: the preflight skips the frozen check  — fast: experiments/exp6/tests/test_preflight_6.py::test_the_frozen_modules_are_checked_first
[totality_426d4d0ba5] killed         analyze_6.py: run(): collect_total stripped at "6 prereg tag"  — fast: experiments/exp6/tests/test_run_6.py::test_a_check_that_raises_at_the_door_is_a_refusal[6
[totality_3a4f29e964] killed         analyze_6.py: run(): collect_total stripped at "6 power record"  — fast: experiments/exp6/tests/test_run_6.py::test_an_empty_tree_is_refused_for_what_it_lacks
[totality_1c6b911a12] killed         analyze_6.py: run(): collect_total stripped at "6 import surface (entry)"  — fast: experiments/exp6/tests/test_run_6.py::test_a_check_that_raises_at_the_door_is_a_refusal[6
[totality_972948256b] killed         analyze_6.py: run(): collect_total stripped at "6 sealed stages"  — fast: experiments/exp6/tests/test_run_6.py::test_a_check_that_raises_at_the_door_is_a_refusal[6
[totality_00191f871d] survived-fast  analyze_6.py: run(): collect_total stripped at "6 endpoint seal paths"
[totality_f42a912daa] survived-fast  analyze_6.py: run(): collect_total stripped at "6 test inputs"
[totality_6c4fe8365e] killed         analyze_6.py: run(): collect_total stripped at f"6 sweep {fam}"  — fast: experiments/exp6/tests/test_run_6.py::test_an_empty_tree_is_refused_for_what_it_lacks
[totality_f28af6e5fb] survived-fast  analyze_6.py: run(): collect_total stripped at "6 power claims"
[totality_888369446a] survived-fast  analyze_6.py: run(): collect_total stripped at "6 import surface (exit)"
[totality_13fd408743] survived-fast  analyze_6.py: run(): collect_total stripped at "6 primary"
[totality_ad4aee496b] killed         analyze_6.py: run(): collect_total stripped at "6 referent manifest"  — fast: experiments/exp6/tests/test_run_6.py::test_a_check_that_raises_at_the_door_is_a_refusal[6
[totality_99dc6744e6] survived-fast  analyze_6.py: run(): collect_total stripped at "6 endpoint composite sha"
[totality_1d4256d983] survived-fast  analyze_6.py: run(): collect_total stripped at "6 import surface (post-secondaries)"

=== 282 mutants in 507 s: killed 230, survived-fast 52
