baseline OK (totality pass, [70, 71, 72, 73, 74, 75, 76, 77, 78, 79, 80, 81, 82, 83, 84, 85, 86, 87, 88, 89, 90, 91, 92, 93, 94, 95, 96, 97, 98, 99, 100, 101, 102, 103, 104, 105, 106, 107, 108, 109, 110] mutants)

[70] SURVIVED  run(): totality — collect_total stripped at line 513 (lambda: json.loads(bk.seal_path(root_2k).read_text())...)
[71] SURVIVED  run(): totality — collect_total stripped at line 518 (lambda: an2i._load_predictor_seal_content(root_2i)...)
[72] SURVIVED  run(): totality — collect_total stripped at line 550 (lambda: an2i._load_rung_set(root_2i)...)
[73] SURVIVED  run(): totality — collect_total stripped at line 555 (lambda: bi.load_manifest(bi.CHECKPOINTS_PATH, sha_pin=bi.CHE...)
[74] killed  run(): totality — collect_total stripped at line 563 (lambda: an2i.load_predictor_records_2i(root_2i, battery, ent...)
[75] killed  run(): totality — collect_total stripped at line 572 (lambda: bi.sampler_counts_olmo(bl.R_CAP_2K, root=root_2i, ba...)
[76] killed  run(): totality — collect_total stripped at line 589 (lambda: _rows_bits() if (_xb and x_b) else...)
[77] SURVIVED  run(): totality — collect_total stripped at line 709 (frozen_check or bl.check_frozen_2l...)
[78] killed  run(): totality — collect_total stripped at line 714 (lambda: bl.require_prereg_2l(tag_exists=tag_exists, blob_sha...)
[79] killed  run(): totality — collect_total stripped at line 716 (lambda: bl.load_manifest_13b(bl.CHECKPOINTS_PATH, sha_pin=bl...)
[80] SURVIVED  run(): totality — collect_total stripped at line 731 (bg.load_battery...)
[81] SURVIVED  run(): totality — collect_total stripped at line 732 (bg.load_floors...)
[82] SURVIVED  run(): totality — collect_total stripped at line 733 (a2d.load_verify...)
[83] SURVIVED  run(): totality — collect_total stripped at line 734 (lambda: pr.load_predictor(bg.predictor_path(bg.EXP2G), sha_p...)
[84] killed  run(): totality — collect_total stripped at line 749 (lambda: _load_rung_set_2l(root_2l)...)
[85] killed  run(): totality — collect_total stripped at line 751 (lambda: load_power_2l(root_2l, r_primary, bl.PREDICTOR_SHA_2...)
[86] killed  run(): totality — collect_total stripped at line 764 (lambda: load_endpoint_which_2l(root_2l, "stage1_final", batt...)
[87] killed  run(): totality — collect_total stripped at line 768 (lambda: load_endpoint_which_2l(root_2l, "main", battery, ver...)
[88] killed  run(): totality — collect_total stripped at line 778 (lambda: bl.endpoint_sha256(root_2l)...)
[89] killed  run(): totality — collect_total stripped at line 794 (lambda: load_sweep_13b(root_2l, battery, verify_fn, manifest...)
[90] killed  run(): totality — collect_total stripped at line 799 (lambda: bl.gate1_rederive_13b(sweep[bl.ENDPOINT_STEP_13B], s...)
[91] SURVIVED  run(): totality — collect_total stripped at line 560 (lambda: bi.entry_1b_endpoint(manifest_2i)...)
[92] SURVIVED  run(): totality — collect_total stripped at line 568 (lambda: an2i._check_predictor_seal_sampling(seal_2i, records...)
[93] SURVIVED  run(): totality — collect_total stripped at line 577 (lambda: an2i._check_predictor_counts_2i(seal_2i, records_2i,...)
[94] killed  run(): totality — collect_total stripped at line 703 (lambda: bl.halt_marker_path(root_2l).read_text().strip()[:20...)
[95] SURVIVED  run(): totality — collect_total stripped at line 711 (check_imports_2l...)
[96] SURVIVED  run(): totality — collect_total stripped at line 730 (thunk...)
[97] SURVIVED  run(): totality — collect_total stripped at line 739 (lambda: sg.check_strata_pins(strata)...)
[98] SURVIVED  run(): totality — collect_total stripped at line 759 (lambda: bl.entry_13b(manifest, bl.ENDPOINT_STEP_13B)...)
[99] SURVIVED  run(): totality — collect_total stripped at line 761 (lambda: bl.entry_main_13b(manifest)...)
[100] SURVIVED  run(): totality — collect_total stripped at line 773 (lambda: _check_rung_set_vs_endpoint_2l(rung_set, stage1_fina...)
[101] killed  run(): totality — collect_total stripped at line 787 (lambda: json.loads(g1p.read_text())...)
[102] killed  run(): totality — collect_total stripped at line 814 (_core...)
[103] killed  run(): totality — collect_total stripped at line 816 (lambda: check_power_claims_2l(power, core[1], x_b, strata, r...)
[104] SURVIVED  run(): totality — collect_total stripped at line 819 (check_imports_2l if imports_pinned else (lambda: None)...)
[105] killed  run(): totality — collect_total stripped at line 539 (_tier...)
[106] SURVIVED  run(): totality — collect_total stripped at line 544 (lambda: an2k.seal_failures_2k(seal_2k, cells_2k, root_2k)...)
[107] SURVIVED  run(): totality — collect_total stripped at line 723 (lambda: mkr.check_referents(REFERENTS_PATH_2L, sha_pin=refer...)
[108] SURVIVED  run(): totality — collect_total stripped at line 776 (lambda: _check_rung_set_derivation_2l(rung_set, stage1_final...)
[109] killed  run(): totality — collect_total stripped at line 790 (lambda: bl.gate1_failures_13b(gate1, stage1_final) if stage1...)
[110] SURVIVED  run(): totality — collect_total stripped at line 851 (thunk...)

18/41 killed; 23 survivor(s): [(70, 'run(): totality — collect_total stripped at line 513 (lambda: json.loads(bk.seal_path(root_2k).read_text())...)', 'survived'), (71, 'run(): totality — collect_total stripped at line 518 (lambda: an2i._load_predictor_seal_content(root_2i)...)', 'survived'), (72, 'run(): totality — collect_total stripped at line 550 (lambda: an2i._load_rung_set(root_2i)...)', 'survived'), (73, 'run(): totality — collect_total stripped at line 555 (lambda: bi.load_manifest(bi.CHECKPOINTS_PATH, sha_pin=bi.CHE...)', 'survived'), (77, 'run(): totality — collect_total stripped at line 709 (frozen_check or bl.check_frozen_2l...)', 'survived'), (80, 'run(): totality — collect_total stripped at line 731 (bg.load_battery...)', 'survived'), (81, 'run(): totality — collect_total stripped at line 732 (bg.load_floors...)', 'survived'), (82, 'run(): totality — collect_total stripped at line 733 (a2d.load_verify...)', 'survived'), (83, 'run(): totality — collect_total stripped at line 734 (lambda: pr.load_predictor(bg.predictor_path(bg.EXP2G), sha_p...)', 'survived'), (91, 'run(): totality — collect_total stripped at line 560 (lambda: bi.entry_1b_endpoint(manifest_2i)...)', 'survived'), (92, 'run(): totality — collect_total stripped at line 568 (lambda: an2i._check_predictor_seal_sampling(seal_2i, records...)', 'survived'), (93, 'run(): totality — collect_total stripped at line 577 (lambda: an2i._check_predictor_counts_2i(seal_2i, records_2i,...)', 'survived'), (95, 'run(): totality — collect_total stripped at line 711 (check_imports_2l...)', 'survived'), (96, 'run(): totality — collect_total stripped at line 730 (thunk...)', 'survived'), (97, 'run(): totality — collect_total stripped at line 739 (lambda: sg.check_strata_pins(strata)...)', 'survived'), (98, 'run(): totality — collect_total stripped at line 759 (lambda: bl.entry_13b(manifest, bl.ENDPOINT_STEP_13B)...)', 'survived'), (99, 'run(): totality — collect_total stripped at line 761 (lambda: bl.entry_main_13b(manifest)...)', 'survived'), (100, 'run(): totality — collect_total stripped at line 773 (lambda: _check_rung_set_vs_endpoint_2l(rung_set, stage1_fina...)', 'survived'), (104, 'run(): totality — collect_total stripped at line 819 (check_imports_2l if imports_pinned else (lambda: None)...)', 'survived'), (106, 'run(): totality — collect_total stripped at line 544 (lambda: an2k.seal_failures_2k(seal_2k, cells_2k, root_2k)...)', 'survived'), (107, 'run(): totality — collect_total stripped at line 723 (lambda: mkr.check_referents(REFERENTS_PATH_2L, sha_pin=refer...)', 'survived'), (108, 'run(): totality — collect_total stripped at line 776 (lambda: _check_rung_set_derivation_2l(rung_set, stage1_final...)', 'survived'), (110, 'run(): totality — collect_total stripped at line 851 (thunk...)', 'survived')]; 0 SKIP (target text not found, stale mutant): []
