baseline OK (fast pass, all mutants)

[ 1] killed  GRID_13B missing 576000
[ 2] killed  trained_steps_13b returns GRID_13B + (STEP0,) (step 0 leaks into an outcome)
[ 3] killed  build_manifest_13b: duplicate refusal `step != ENDPOINT_STEP_13B and same` -> `False and ...`
[ 4] SURVIVED  build_manifest_13b: the endpoint-revision pin check removed
[ 5] SURVIVED  build_manifest_13b: the step-0 pin check removed
[ 6] killed  load_manifest_13b: the frozen-grid check removed
[ 7] killed  rung_set_from_counts_2l: r in R_CAP_2K -> r in STRATA_RUNGS (doc slip (a)'s exact failure)
[ 8] killed  rung_set_from_counts_2l: R_ELEVEN_EXTRA computed without `not in R_CAP_2K`
[ 9] killed  rung_set_from_counts_2l: primary_is_the_nine -> True
[10] SURVIVED  endpoint_files: missing-file raise removed
[11] killed  composite_sha: unsorted
[12] killed  item_record_2l: seal_tag ENDPOINT_SEAL_TAG_2L -> PREDICTOR_TAGS_2L
[13] killed  item_record_2l: endpoint_sha256 key dropped from the record
[14] killed  checkpoint_record_2l: size SIZE_OUT -> bi.SIZE_OUT
[15] SURVIVED  gate1_failures_13b: nc.get(r) != N_ITEMS -> <
[16] killed  gate1_failures_13b: bd.get(r) != 0 removed
[17] killed  gate1_failures_13b: digest check removed
[18] killed  gate1_failures_13b: prereg_tag check removed
[19] killed  gate1_rederive_13b: attested-vs-re-derived bit_diffs check removed
[20] SURVIVED  gate1_rederive_13b: coverage len(s_bits) != N_ITEMS -> <
[21] killed  predictor_sha_2l: separator | -> '' (a different composite)
[22] killed  require_prereg_2l: want != got -> ==
[23] killed  check_frozen_2l: drift check removed
[24] killed  clean_dir_13b: config.to_json_file line removed (2i stop #1)
[25] killed  require_predictor_seals_2l: the 2i-seal literal check removed
[26] SURVIVED  require_predictor_seals_2l: the 2k-seal literal check removed
[27] SURVIVED  require_predictor_seals_2l: the composite re-derivation check removed
[28] killed  run: rung_set_from_counts_2l fed main's counts instead of stage1_final's
[29] killed  run: seal_tag stamped ENDPOINT_SEAL_TAG_2L instead of PREDICTOR_TAGS_2L
[30] killed  run_gate1: the HALTED marker is no longer written on a gate-1 fire
[31] killed  run_gate1: bit_diffs comparison inverted (a != b -> a == b)
[32] killed  records_complete_13b: checkpoint-record requirement removed
[33] killed  run_step: free called with entry['commit'] instead of entry['revision']
[34] killed  run: step 0 dropped from rest
[35] killed  run: require_endpoint_seal_2l removed from run
[36] killed  run: endpoint_sha computed BEFORE the endpoint seal binds (reorder) — documented-equivalent candidate, prove or kill
[37] SURVIVED  run: the resume gate-1 re-check removed
[38] killed  verdict_2l: THIN threshold < 3 -> < 2
[39] killed  verdict_2l: the UNDERPOWERED disclosure condition not res['fires'] -> res['fires']
[40] killed  _licensed_2l: disclosures dropped
[41] killed  load_power_2l: n_trained_steps check removed
[42] killed  load_power_2l: block_sd_A presence check removed
[43] killed  load_power_2l: predictor_sha256 check removed
[44] SURVIVED  load_power_2l: rungs != -> subset (a superset of R_PRIMARY silently accepted)
[45] killed  check_power_claims_2l: B's strata -> base strata
[46] killed  check_power_claims_2l: n_pos_lower_bound check removed
[47] killed  _record_common_failures_2l: predictor_sha check removed
[48] killed  _record_common_failures_2l: size expected bl.SIZE_OUT -> bi.SIZE_OUT
[49] killed  step_record_failures_2l: endpoint_sha256 check removed
[50] killed  step_record_failures_2l: commit check removed
[51] killed  load_sweep_13b: steps default without STEP0
[52] killed  load_sweep_13b: LFS sha check removed
[53] killed  outcomes_13b: steps -> GRID_13B + (STEP0,) (step 0 leaks into an outcome)
[54] killed  _load_rung_set_2l: subset-of-nine check removed
[55] SURVIVED  _load_rung_set_2l: partition check removed
[56] SURVIVED  _check_rung_set_derivation_2l: per-key comparison -> set equality (order-blind)
[57] SURVIVED  load_predictors_2l: the 2k-seal literal check removed
[58] SURVIVED  load_predictors_2l: the 2i-seal literal check removed
[59] SURVIVED  load_predictors_2l: the seal_failures_2k call removed
[60] SURVIVED  load_predictors_2l: the _check_predictor_counts_2i call removed
[61] SURVIVED  load_predictors_2l: R_CAP == nine check removed
[62] SURVIVED  load_predictors_2l: x_B bits do not reproduce raise removed
[63] SURVIVED  run()/_core: Test B strata -> base strata (drops the median-bucket conditioning)
[64] SURVIVED  run()/_core: Test A predictor -> counts[64] instead of counts[K_TOTAL]
[65] SURVIVED  load_predictors_2l: the halt-marker scan removed
[66] SURVIVED  check_imports_2l: 'tests' in rp.parts swallows everything -> True
[67] SURVIVED  s4_matched_2l: increment sign flipped
[68] SURVIVED  s5_answer_prior_2l: non_gating True -> False
[69] SURVIVED  collapses_13b: threshold >= -> >
[70] SURVIVED  run(): totality — collect_total stripped at line 513 (lambda: json.loads(bk.seal_path(root_2k).read_text())...)
[71] SURVIVED  run(): totality — collect_total stripped at line 518 (lambda: an2i._load_predictor_seal_content(root_2i)...)
[72] SURVIVED  run(): totality — collect_total stripped at line 550 (lambda: an2i._load_rung_set(root_2i)...)
[73] SURVIVED  run(): totality — collect_total stripped at line 555 (lambda: bi.load_manifest(bi.CHECKPOINTS_PATH, sha_pin=bi.CHE...)
[74] SURVIVED  run(): totality — collect_total stripped at line 563 (lambda: an2i.load_predictor_records_2i(root_2i, battery, ent...)
[75] SURVIVED  run(): totality — collect_total stripped at line 572 (lambda: bi.sampler_counts_olmo(bl.R_CAP_2K, root=root_2i, ba...)
[76] SURVIVED  run(): totality — collect_total stripped at line 589 (lambda: _rows_bits() if (_xb and x_b) else...)
[77] SURVIVED  run(): totality — collect_total stripped at line 709 (frozen_check or bl.check_frozen_2l...)
[78] SURVIVED  run(): totality — collect_total stripped at line 714 (lambda: bl.require_prereg_2l(tag_exists=tag_exists, blob_sha...)
[79] SURVIVED  run(): totality — collect_total stripped at line 716 (lambda: bl.load_manifest_13b(bl.CHECKPOINTS_PATH, sha_pin=bl...)
[80] SURVIVED  run(): totality — collect_total stripped at line 731 (bg.load_battery...)
[81] SURVIVED  run(): totality — collect_total stripped at line 732 (bg.load_floors...)
[82] SURVIVED  run(): totality — collect_total stripped at line 733 (a2d.load_verify...)
[83] SURVIVED  run(): totality — collect_total stripped at line 734 (lambda: pr.load_predictor(bg.predictor_path(bg.EXP2G), sha_p...)
[84] SURVIVED  run(): totality — collect_total stripped at line 749 (lambda: _load_rung_set_2l(root_2l)...)
[85] SURVIVED  run(): totality — collect_total stripped at line 751 (lambda: load_power_2l(root_2l, r_primary, bl.PREDICTOR_SHA_2...)
[86] SURVIVED  run(): totality — collect_total stripped at line 764 (lambda: load_endpoint_which_2l(root_2l, "stage1_final", batt...)
[87] SURVIVED  run(): totality — collect_total stripped at line 768 (lambda: load_endpoint_which_2l(root_2l, "main", battery, ver...)
[88] SURVIVED  run(): totality — collect_total stripped at line 778 (lambda: bl.endpoint_sha256(root_2l)...)
[89] SURVIVED  run(): totality — collect_total stripped at line 794 (lambda: load_sweep_13b(root_2l, battery, verify_fn, manifest...)
[90] SURVIVED  run(): totality — collect_total stripped at line 799 (lambda: bl.gate1_rederive_13b(sweep[bl.ENDPOINT_STEP_13B], s...)
[91] SURVIVED  run(): totality — collect_total stripped at line 560 (lambda: bi.entry_1b_endpoint(manifest_2i)...)
[92] SURVIVED  run(): totality — collect_total stripped at line 568 (lambda: an2i._check_predictor_seal_sampling(seal_2i, records...)
[93] SURVIVED  run(): totality — collect_total stripped at line 577 (lambda: an2i._check_predictor_counts_2i(seal_2i, records_2i,...)
[94] SURVIVED  run(): totality — collect_total stripped at line 703 (lambda: bl.halt_marker_path(root_2l).read_text().strip()[:20...)
[95] SURVIVED  run(): totality — collect_total stripped at line 711 (check_imports_2l...)
[96] SURVIVED  run(): totality — collect_total stripped at line 730 (thunk...)
[97] SURVIVED  run(): totality — collect_total stripped at line 739 (lambda: sg.check_strata_pins(strata)...)
[98] SURVIVED  run(): totality — collect_total stripped at line 759 (lambda: bl.entry_13b(manifest, bl.ENDPOINT_STEP_13B)...)
[99] SURVIVED  run(): totality — collect_total stripped at line 761 (lambda: bl.entry_main_13b(manifest)...)
[100] SURVIVED  run(): totality — collect_total stripped at line 773 (lambda: _check_rung_set_vs_endpoint_2l(rung_set, stage1_fina...)
[101] SURVIVED  run(): totality — collect_total stripped at line 787 (lambda: json.loads(g1p.read_text())...)
[102] SURVIVED  run(): totality — collect_total stripped at line 814 (_core...)
[103] SURVIVED  run(): totality — collect_total stripped at line 816 (lambda: check_power_claims_2l(power, core[1], x_b, strata, r...)
[104] SURVIVED  run(): totality — collect_total stripped at line 819 (check_imports_2l if imports_pinned else (lambda: None)...)
[105] SURVIVED  run(): totality — collect_total stripped at line 539 (_tier...)
[106] SURVIVED  run(): totality — collect_total stripped at line 544 (lambda: an2k.seal_failures_2k(seal_2k, cells_2k, root_2k)...)
[107] SURVIVED  run(): totality — collect_total stripped at line 723 (lambda: mkr.check_referents(REFERENTS_PATH_2L, sha_pin=refer...)
[108] SURVIVED  run(): totality — collect_total stripped at line 776 (lambda: _check_rung_set_derivation_2l(rung_set, stage1_final...)
[109] SURVIVED  run(): totality — collect_total stripped at line 790 (lambda: bl.gate1_failures_13b(gate1, stage1_final) if stage1...)
[110] SURVIVED  run(): totality — collect_total stripped at line 851 (thunk...)

45/110 killed; 65 survivor(s): [(4, 'build_manifest_13b: the endpoint-revision pin check removed', 'survived'), (5, 'build_manifest_13b: the step-0 pin check removed', 'survived'), (10, 'endpoint_files: missing-file raise removed', 'survived'), (15, 'gate1_failures_13b: nc.get(r) != N_ITEMS -> <', 'survived'), (20, 'gate1_rederive_13b: coverage len(s_bits) != N_ITEMS -> <', 'survived'), (26, 'require_predictor_seals_2l: the 2k-seal literal check removed', 'survived'), (27, 'require_predictor_seals_2l: the composite re-derivation check removed', 'survived'), (37, 'run: the resume gate-1 re-check removed', 'survived'), (44, 'load_power_2l: rungs != -> subset (a superset of R_PRIMARY silently accepted)', 'survived'), (55, '_load_rung_set_2l: partition check removed', 'survived'), (56, '_check_rung_set_derivation_2l: per-key comparison -> set equality (order-blind)', 'survived'), (57, 'load_predictors_2l: the 2k-seal literal check removed', 'survived'), (58, 'load_predictors_2l: the 2i-seal literal check removed', 'survived'), (59, 'load_predictors_2l: the seal_failures_2k call removed', 'survived'), (60, 'load_predictors_2l: the _check_predictor_counts_2i call removed', 'survived'), (61, 'load_predictors_2l: R_CAP == nine check removed', 'survived'), (62, 'load_predictors_2l: x_B bits do not reproduce raise removed', 'survived'), (63, 'run()/_core: Test B strata -> base strata (drops the median-bucket conditioning)', 'survived'), (64, 'run()/_core: Test A predictor -> counts[64] instead of counts[K_TOTAL]', 'survived'), (65, 'load_predictors_2l: the halt-marker scan removed', 'survived'), (66, "check_imports_2l: 'tests' in rp.parts swallows everything -> True", 'survived'), (67, 's4_matched_2l: increment sign flipped', 'survived'), (68, 's5_answer_prior_2l: non_gating True -> False', 'survived'), (69, 'collapses_13b: threshold >= -> >', 'survived'), (70, 'run(): totality — collect_total stripped at line 513 (lambda: json.loads(bk.seal_path(root_2k).read_text())...)', 'survived'), (71, 'run(): totality — collect_total stripped at line 518 (lambda: an2i._load_predictor_seal_content(root_2i)...)', 'survived'), (72, 'run(): totality — collect_total stripped at line 550 (lambda: an2i._load_rung_set(root_2i)...)', 'survived'), (73, 'run(): totality — collect_total stripped at line 555 (lambda: bi.load_manifest(bi.CHECKPOINTS_PATH, sha_pin=bi.CHE...)', 'survived'), (74, 'run(): totality — collect_total stripped at line 563 (lambda: an2i.load_predictor_records_2i(root_2i, battery, ent...)', 'survived'), (75, 'run(): totality — collect_total stripped at line 572 (lambda: bi.sampler_counts_olmo(bl.R_CAP_2K, root=root_2i, ba...)', 'survived'), (76, 'run(): totality — collect_total stripped at line 589 (lambda: _rows_bits() if (_xb and x_b) else...)', 'survived'), (77, 'run(): totality — collect_total stripped at line 709 (frozen_check or bl.check_frozen_2l...)', 'survived'), (78, 'run(): totality — collect_total stripped at line 714 (lambda: bl.require_prereg_2l(tag_exists=tag_exists, blob_sha...)', 'survived'), (79, 'run(): totality — collect_total stripped at line 716 (lambda: bl.load_manifest_13b(bl.CHECKPOINTS_PATH, sha_pin=bl...)', 'survived'), (80, 'run(): totality — collect_total stripped at line 731 (bg.load_battery...)', 'survived'), (81, 'run(): totality — collect_total stripped at line 732 (bg.load_floors...)', 'survived'), (82, 'run(): totality — collect_total stripped at line 733 (a2d.load_verify...)', 'survived'), (83, 'run(): totality — collect_total stripped at line 734 (lambda: pr.load_predictor(bg.predictor_path(bg.EXP2G), sha_p...)', 'survived'), (84, 'run(): totality — collect_total stripped at line 749 (lambda: _load_rung_set_2l(root_2l)...)', 'survived'), (85, 'run(): totality — collect_total stripped at line 751 (lambda: load_power_2l(root_2l, r_primary, bl.PREDICTOR_SHA_2...)', 'survived'), (86, 'run(): totality — collect_total stripped at line 764 (lambda: load_endpoint_which_2l(root_2l, "stage1_final", batt...)', 'survived'), (87, 'run(): totality — collect_total stripped at line 768 (lambda: load_endpoint_which_2l(root_2l, "main", battery, ver...)', 'survived'), (88, 'run(): totality — collect_total stripped at line 778 (lambda: bl.endpoint_sha256(root_2l)...)', 'survived'), (89, 'run(): totality — collect_total stripped at line 794 (lambda: load_sweep_13b(root_2l, battery, verify_fn, manifest...)', 'survived'), (90, 'run(): totality — collect_total stripped at line 799 (lambda: bl.gate1_rederive_13b(sweep[bl.ENDPOINT_STEP_13B], s...)', 'survived'), (91, 'run(): totality — collect_total stripped at line 560 (lambda: bi.entry_1b_endpoint(manifest_2i)...)', 'survived'), (92, 'run(): totality — collect_total stripped at line 568 (lambda: an2i._check_predictor_seal_sampling(seal_2i, records...)', 'survived'), (93, 'run(): totality — collect_total stripped at line 577 (lambda: an2i._check_predictor_counts_2i(seal_2i, records_2i,...)', 'survived'), (94, 'run(): totality — collect_total stripped at line 703 (lambda: bl.halt_marker_path(root_2l).read_text().strip()[:20...)', 'survived'), (95, 'run(): totality — collect_total stripped at line 711 (check_imports_2l...)', 'survived'), (96, 'run(): totality — collect_total stripped at line 730 (thunk...)', 'survived'), (97, 'run(): totality — collect_total stripped at line 739 (lambda: sg.check_strata_pins(strata)...)', 'survived'), (98, 'run(): totality — collect_total stripped at line 759 (lambda: bl.entry_13b(manifest, bl.ENDPOINT_STEP_13B)...)', 'survived'), (99, 'run(): totality — collect_total stripped at line 761 (lambda: bl.entry_main_13b(manifest)...)', 'survived'), (100, 'run(): totality — collect_total stripped at line 773 (lambda: _check_rung_set_vs_endpoint_2l(rung_set, stage1_fina...)', 'survived'), (101, 'run(): totality — collect_total stripped at line 787 (lambda: json.loads(g1p.read_text())...)', 'survived'), (102, 'run(): totality — collect_total stripped at line 814 (_core...)', 'survived'), (103, 'run(): totality — collect_total stripped at line 816 (lambda: check_power_claims_2l(power, core[1], x_b, strata, r...)', 'survived'), (104, 'run(): totality — collect_total stripped at line 819 (check_imports_2l if imports_pinned else (lambda: None)...)', 'survived'), (105, 'run(): totality — collect_total stripped at line 539 (_tier...)', 'survived'), (106, 'run(): totality — collect_total stripped at line 544 (lambda: an2k.seal_failures_2k(seal_2k, cells_2k, root_2k)...)', 'survived'), (107, 'run(): totality — collect_total stripped at line 723 (lambda: mkr.check_referents(REFERENTS_PATH_2L, sha_pin=refer...)', 'survived'), (108, 'run(): totality — collect_total stripped at line 776 (lambda: _check_rung_set_derivation_2l(rung_set, stage1_final...)', 'survived'), (109, 'run(): totality — collect_total stripped at line 790 (lambda: bl.gate1_failures_13b(gate1, stage1_final) if stage1...)', 'survived'), (110, 'run(): totality — collect_total stripped at line 851 (thunk...)', 'survived')]; 0 SKIP (target text not found, stale mutant): []
