[freeze_f_4_a_torn_step_directory_is_never_turned_into_a_failure] (1/32) survived totality
[freeze_f_4_a_torn_step_directory_is_never_turned_into_a_failure] (1/32) KILLED by fullshape: experiments/exp5/tests/test_full_shape_5.py::test_refusal_routes_deliver_insufficient_data
[gate4_an_orphan_unit_units_unnamed_is_never_turned_into_a_failure] (2/32) survived totality
[gate4_an_orphan_unit_units_unnamed_is_never_turned_into_a_failure] (2/32) KILLED by fullshape: experiments/exp5/tests/test_full_shape_5.py::test_refusal_routes_deliver_insufficient_data
[slip_11_the_licence_quotes_the_design_s_nominal_pairs_not_gate_4_s_kept_] (3/32) survived totality
[slip_11_the_licence_quotes_the_design_s_nominal_pairs_not_gate_4_s_kept_] (3/32) KILLED by fullshape: experiments/exp5/tests/test_full_shape_5.py::test_a_non_finite_window_member_is_absent_and_the_verdict_stands
[slip_9_replay_pairs_5_never_turns_the_replay_s_nonfinite_status_into_a_g] (4/32) survived totality
[slip_9_replay_pairs_5_never_turns_the_replay_s_nonfinite_status_into_a_g] (4/32) KILLED by fullshape: experiments/exp5/tests/test_full_shape_5.py::test_refusal_routes_deliver_insufficient_data
[totality_1007afd168] (5/32) KILLED by totality: experiments/exp5/tests/test_totality_5.py::test_every_runner_leavable_tree_shape_gives_insufficient_data
[totality_138a23d00f] (6/32) KILLED by totality: experiments/exp5/tests/test_totality_5.py::test_site_template_count_matches_the_brief
[totality_1bc33db24b] (7/32) KILLED by totality: experiments/exp5/tests/test_totality_5.py::test_site_template_count_matches_the_brief
[totality_223e38694e] (8/32) KILLED by totality: experiments/exp5/tests/test_totality_5.py::test_site_template_count_matches_the_brief
[totality_2c46608367] (9/32) KILLED by totality: experiments/exp5/tests/test_totality_5.py::test_site_template_count_matches_the_brief
[totality_3339204c5a] (10/32) KILLED by totality: experiments/exp5/tests/test_totality_5.py::test_every_runner_leavable_tree_shape_gives_insufficient_data
[totality_33f9851f81] (11/32) KILLED by totality: experiments/exp5/tests/test_totality_5.py::test_every_runner_leavable_tree_shape_gives_insufficient_data
[totality_3ec118fa91] (12/32) KILLED by totality: experiments/exp5/tests/test_totality_5.py::test_site_template_count_matches_the_brief
[totality_40ef758834] (13/32) KILLED by totality: experiments/exp5/tests/test_totality_5.py::test_every_runner_leavable_tree_shape_gives_insufficient_data
[totality_456c3066bc] (14/32) KILLED by totality: experiments/exp5/tests/test_totality_5.py::test_site_template_count_matches_the_brief
[totality_49618d9fb5] (15/32) KILLED by totality: experiments/exp5/tests/test_totality_5.py::test_site_template_count_matches_the_brief
[totality_4f95d553d7] (16/32) KILLED by totality: experiments/exp5/tests/test_totality_5.py::test_site_template_count_matches_the_brief
[totality_5b3140592f] (17/32) KILLED by totality: experiments/exp5/tests/test_totality_5.py::test_site_template_count_matches_the_brief
[totality_71c7feae97] (18/32) KILLED by totality: experiments/exp5/tests/test_totality_5.py::test_site_template_count_matches_the_brief
[totality_71da69b926] (19/32) KILLED by totality: experiments/exp5/tests/test_totality_5.py::test_site_template_count_matches_the_brief
[totality_7226035f79] (20/32) KILLED by totality: experiments/exp5/tests/test_totality_5.py::test_every_runner_leavable_tree_shape_gives_insufficient_data
[totality_7a4d35f5a0] (21/32) KILLED by totality: experiments/exp5/tests/test_totality_5.py::test_site_template_count_matches_the_brief
[totality_7e528df1ad] (22/32) KILLED by totality: experiments/exp5/tests/test_totality_5.py::test_site_template_count_matches_the_brief
[totality_95697235f9] (23/32) KILLED by totality: experiments/exp5/tests/test_totality_5.py::test_every_runner_leavable_tree_shape_gives_insufficient_data
[totality_ad39e59a5f] (24/32) KILLED by totality: experiments/exp5/tests/test_totality_5.py::test_site_template_count_matches_the_brief
[totality_b2fb2be78d] (25/32) KILLED by totality: experiments/exp5/tests/test_totality_5.py::test_site_template_count_matches_the_brief
[totality_b47686f67d] (26/32) KILLED by totality: experiments/exp5/tests/test_totality_5.py::test_site_template_count_matches_the_brief
[totality_bed8157518] (27/32) KILLED by totality: experiments/exp5/tests/test_totality_5.py::test_site_template_count_matches_the_brief
[totality_ca59f913cb] (28/32) KILLED by totality: experiments/exp5/tests/test_totality_5.py::test_every_runner_leavable_tree_shape_gives_insufficient_data
[totality_dbe9455868] (29/32) KILLED by totality: experiments/exp5/tests/test_totality_5.py::test_site_template_count_matches_the_brief
[totality_ed13262569] (30/32) KILLED by totality: experiments/exp5/tests/test_totality_5.py::test_site_template_count_matches_the_brief
[totality_f7541f99c2] (31/32) KILLED by totality: experiments/exp5/tests/test_totality_5.py::test_every_runner_leavable_tree_shape_gives_insufficient_data
[totality_fdf4511a43] (32/32) KILLED by totality: experiments/exp5/tests/test_totality_5.py::test_site_template_count_matches_the_brief

=== run_worlds_only tally === considered=32 killed=32 open_survivors=0 errors=0
killed_by = {'freeze_f_4_a_torn_step_directory_is_never_turned_into_a_failure': 'fullshape:experiments/exp5/tests/test_full_shape_5.py::test_refusal_routes_deliver_insufficient_data', 'gate4_an_orphan_unit_units_unnamed_is_never_turned_into_a_failure': 'fullshape:experiments/exp5/tests/test_full_shape_5.py::test_refusal_routes_deliver_insufficient_data', 'slip_11_the_licence_quotes_the_design_s_nominal_pairs_not_gate_4_s_kept_': 'fullshape:experiments/exp5/tests/test_full_shape_5.py::test_a_non_finite_window_member_is_absent_and_the_verdict_stands', 'slip_9_replay_pairs_5_never_turns_the_replay_s_nonfinite_status_into_a_g': 'fullshape:experiments/exp5/tests/test_full_shape_5.py::test_refusal_routes_deliver_insufficient_data', 'totality_1007afd168': 'totality:experiments/exp5/tests/test_totality_5.py::test_every_runner_leavable_tree_shape_gives_insufficient_data', 'totality_138a23d00f': 'totality:experiments/exp5/tests/test_totality_5.py::test_site_template_count_matches_the_brief', 'totality_1bc33db24b': 'totality:experiments/exp5/tests/test_totality_5.py::test_site_template_count_matches_the_brief', 'totality_223e38694e': 'totality:experiments/exp5/tests/test_totality_5.py::test_site_template_count_matches_the_brief', 'totality_2c46608367': 'totality:experiments/exp5/tests/test_totality_5.py::test_site_template_count_matches_the_brief', 'totality_3339204c5a': 'totality:experiments/exp5/tests/test_totality_5.py::test_every_runner_leavable_tree_shape_gives_insufficient_data', 'totality_33f9851f81': 'totality:experiments/exp5/tests/test_totality_5.py::test_every_runner_leavable_tree_shape_gives_insufficient_data', 'totality_3ec118fa91': 'totality:experiments/exp5/tests/test_totality_5.py::test_site_template_count_matches_the_brief', 'totality_40ef758834': 'totality:experiments/exp5/tests/test_totality_5.py::test_every_runner_leavable_tree_shape_gives_insufficient_data', 'totality_456c3066bc': 'totality:experiments/exp5/tests/test_totality_5.py::test_site_template_count_matches_the_brief', 'totality_49618d9fb5': 'totality:experiments/exp5/tests/test_totality_5.py::test_site_template_count_matches_the_brief', 'totality_4f95d553d7': 'totality:experiments/exp5/tests/test_totality_5.py::test_site_template_count_matches_the_brief', 'totality_5b3140592f': 'totality:experiments/exp5/tests/test_totality_5.py::test_site_template_count_matches_the_brief', 'totality_71c7feae97': 'totality:experiments/exp5/tests/test_totality_5.py::test_site_template_count_matches_the_brief', 'totality_71da69b926': 'totality:experiments/exp5/tests/test_totality_5.py::test_site_template_count_matches_the_brief', 'totality_7226035f79': 'totality:experiments/exp5/tests/test_totality_5.py::test_every_runner_leavable_tree_shape_gives_insufficient_data', 'totality_7a4d35f5a0': 'totality:experiments/exp5/tests/test_totality_5.py::test_site_template_count_matches_the_brief', 'totality_7e528df1ad': 'totality:experiments/exp5/tests/test_totality_5.py::test_site_template_count_matches_the_brief', 'totality_95697235f9': 'totality:experiments/exp5/tests/test_totality_5.py::test_every_runner_leavable_tree_shape_gives_insufficient_data', 'totality_ad39e59a5f': 'totality:experiments/exp5/tests/test_totality_5.py::test_site_template_count_matches_the_brief', 'totality_b2fb2be78d': 'totality:experiments/exp5/tests/test_totality_5.py::test_site_template_count_matches_the_brief', 'totality_b47686f67d': 'totality:experiments/exp5/tests/test_totality_5.py::test_site_template_count_matches_the_brief', 'totality_bed8157518': 'totality:experiments/exp5/tests/test_totality_5.py::test_site_template_count_matches_the_brief', 'totality_ca59f913cb': 'totality:experiments/exp5/tests/test_totality_5.py::test_every_runner_leavable_tree_shape_gives_insufficient_data', 'totality_dbe9455868': 'totality:experiments/exp5/tests/test_totality_5.py::test_site_template_count_matches_the_brief', 'totality_ed13262569': 'totality:experiments/exp5/tests/test_totality_5.py::test_site_template_count_matches_the_brief', 'totality_f7541f99c2': 'totality:experiments/exp5/tests/test_totality_5.py::test_every_runner_leavable_tree_shape_gives_insufficient_data', 'totality_fdf4511a43': 'totality:experiments/exp5/tests/test_totality_5.py::test_site_template_count_matches_the_brief'}
open_survivors = []
errors = []
