Fix-wave confirmation, one mutant: totality_305f5deb91
(was totality_3405d51a5d before r3 added `real_regime=real_regime`
to the alpha_placebo_4b call site -- the AST-derived label is
content-hashed on the call site's own source text, so the old label
can never recur; see mutation_check.py's FULLSHAPE_MUTANT_TEST_4B
comment for the remap).

Method: `mutation_check.py --fullshape --only=totality_305f5deb91`
was launched but killed after its (unavoidable, whole-file) baseline
check on test_totality_4b.py ran past 12 CPU-minutes without finishing
(the file's own LEADS+FOLLOWS slow suite runs ~60+ minutes end to end,
per PROGRESS.md's own prior measurement) -- disproportionate to
confirming ONE mutant whose only change is an added keyword argument
with no control-flow effect. Substituted a manual, targeted
confirmation using the SAME AST extraction the harness itself uses
(`_totality_mutants_4b`, verified the target text is unique in the
file, hand-applied via a temp backup, restored after), then ran ONLY
the covering test directly (no whole-file baseline):

  EXP4B_WORLD_CACHE=/private/tmp/exp4b_world_cache PYTHONDONTWRITEBYTECODE=1 \
    ~/emergence-lab/.venv/bin/python -m pytest experiments/exp4b/tests/test_totality_4b.py \
    -k "4b_alpha_placebo" -m slow -p no:cacheprovider -q -s

Result: 1 failed, 38 deselected in 70.19s (0:01:10) -- the mutant
stripped `collect_total_4b`'s exception handling, so the monkeypatched
`RuntimeError` propagated uncaught through `analyze_4b.run()`
(traceback: analyze_4b.py:872, the mutated site) instead of being
collected into INSUFFICIENT_DATA -- pytest reports this as a test
FAILURE, i.e. the mutant is KILLED.

[totality_305f5deb91] (targeted, no baseline) killed  run(): totality -- collect_total_4b stripped at line 872 (lambda: placebo_4b.alpha_placebo_4b(batteries, seed=battery_...)  (-k '4b_alpha_placebo')

File restored from backup immediately after; fast suite re-run
103/103 passed to confirm byte-correctness; no stray
`.manual_backup`/`.mutation_backup` left on disk.
