[exp5_the_gate_2_verdict_equality_check_dropped_pin_check_alone] (1/26) KILLED by totality: experiments/exp5b/tests/test_totality_5b.py::test_every_runner_leavable_tree_shape_gives_insufficient_data
[run_s1_s12_computed_regardless_of_failures_the_units_gate_dropped] (2/26) KILLED by totality: experiments/exp5b/tests/test_totality_5b.py::test_every_runner_leavable_tree_shape_gives_insufficient_data
[totality_01f5677eb0] (3/26) KILLED by totality-count: experiments/exp5b/tests/test_totality_5b.py::test_site_template_count_is_24
[totality_24bb94d4f5] (4/26) KILLED by totality-count: experiments/exp5b/tests/test_totality_5b.py::test_site_template_count_is_24
[totality_25f4ac9ac2] (5/26) KILLED by totality-count: experiments/exp5b/tests/test_totality_5b.py::test_site_template_count_is_24
[totality_2fa44e6140] (6/26) KILLED by totality-count: experiments/exp5b/tests/test_totality_5b.py::test_site_template_count_is_24
[totality_4455ad799d] (7/26) KILLED by totality-count: experiments/exp5b/tests/test_totality_5b.py::test_site_template_count_is_24
[totality_710028e6a0] (8/26) KILLED by totality-count: experiments/exp5b/tests/test_totality_5b.py::test_site_template_count_is_24
[totality_7cc5e77609] (9/26) KILLED by totality-count: experiments/exp5b/tests/test_totality_5b.py::test_site_template_count_is_24
[totality_7e45e98c25] (10/26) KILLED by totality-count: experiments/exp5b/tests/test_totality_5b.py::test_site_template_count_is_24
[totality_87d16f0e63] (11/26) KILLED by totality-count: experiments/exp5b/tests/test_totality_5b.py::test_site_template_count_is_24
[totality_ab35a54246] (12/26) KILLED by totality-count: experiments/exp5b/tests/test_totality_5b.py::test_site_template_count_is_24
[totality_ba977b0972] (13/26) KILLED by totality-count: experiments/exp5b/tests/test_totality_5b.py::test_site_template_count_is_24
[totality_cb18719ee0] (14/26) KILLED by totality-count: experiments/exp5b/tests/test_totality_5b.py::test_site_template_count_is_24
[totality_cb7f897d12] (15/26) KILLED by totality-count: experiments/exp5b/tests/test_totality_5b.py::test_site_template_count_is_24
[totality_ccb671a117] (16/26) KILLED by totality-count: experiments/exp5b/tests/test_totality_5b.py::test_site_template_count_is_24
[totality_dc26819f87] (17/26) KILLED by totality-count: experiments/exp5b/tests/test_totality_5b.py::test_site_template_count_is_24
[totality_dd7bfd0a1a] (18/26) KILLED by totality-count: experiments/exp5b/tests/test_totality_5b.py::test_site_template_count_is_24
[totality_e1d8e53d7b] (19/26) KILLED by totality-count: experiments/exp5b/tests/test_totality_5b.py::test_site_template_count_is_24
[totality_eb285f87a4] (20/26) KILLED by totality-count: experiments/exp5b/tests/test_totality_5b.py::test_site_template_count_is_24
[totality_edb704686d] (21/26) KILLED by totality-count: experiments/exp5b/tests/test_totality_5b.py::test_site_template_count_is_24
[totality_ede4a6963c] (22/26) KILLED by totality-count: experiments/exp5b/tests/test_totality_5b.py::test_site_template_count_is_24
[totality_eed0ac97ed] (23/26) KILLED by totality-count: experiments/exp5b/tests/test_totality_5b.py::test_site_template_count_is_24
[totality_f0a6870714] (24/26) KILLED by totality-count: experiments/exp5b/tests/test_totality_5b.py::test_site_template_count_is_24
[totality_f7b4069e79] (25/26) KILLED by totality-count: experiments/exp5b/tests/test_totality_5b.py::test_site_template_count_is_24
[totality_fadbfe1930] (26/26) KILLED by totality-count: experiments/exp5b/tests/test_totality_5b.py::test_site_template_count_is_24

=== run_worlds_only tally === considered=26 killed=26 open_survivors=0 errors=0
killed_by = {'exp5_the_gate_2_verdict_equality_check_dropped_pin_check_alone': 'totality:experiments/exp5b/tests/test_totality_5b.py::test_every_runner_leavable_tree_shape_gives_insufficient_data', 'run_s1_s12_computed_regardless_of_failures_the_units_gate_dropped': 'totality:experiments/exp5b/tests/test_totality_5b.py::test_every_runner_leavable_tree_shape_gives_insufficient_data', 'totality_01f5677eb0': 'totality-count:experiments/exp5b/tests/test_totality_5b.py::test_site_template_count_is_24', 'totality_24bb94d4f5': 'totality-count:experiments/exp5b/tests/test_totality_5b.py::test_site_template_count_is_24', 'totality_25f4ac9ac2': 'totality-count:experiments/exp5b/tests/test_totality_5b.py::test_site_template_count_is_24', 'totality_2fa44e6140': 'totality-count:experiments/exp5b/tests/test_totality_5b.py::test_site_template_count_is_24', 'totality_4455ad799d': 'totality-count:experiments/exp5b/tests/test_totality_5b.py::test_site_template_count_is_24', 'totality_710028e6a0': 'totality-count:experiments/exp5b/tests/test_totality_5b.py::test_site_template_count_is_24', 'totality_7cc5e77609': 'totality-count:experiments/exp5b/tests/test_totality_5b.py::test_site_template_count_is_24', 'totality_7e45e98c25': 'totality-count:experiments/exp5b/tests/test_totality_5b.py::test_site_template_count_is_24', 'totality_87d16f0e63': 'totality-count:experiments/exp5b/tests/test_totality_5b.py::test_site_template_count_is_24', 'totality_ab35a54246': 'totality-count:experiments/exp5b/tests/test_totality_5b.py::test_site_template_count_is_24', 'totality_ba977b0972': 'totality-count:experiments/exp5b/tests/test_totality_5b.py::test_site_template_count_is_24', 'totality_cb18719ee0': 'totality-count:experiments/exp5b/tests/test_totality_5b.py::test_site_template_count_is_24', 'totality_cb7f897d12': 'totality-count:experiments/exp5b/tests/test_totality_5b.py::test_site_template_count_is_24', 'totality_ccb671a117': 'totality-count:experiments/exp5b/tests/test_totality_5b.py::test_site_template_count_is_24', 'totality_dc26819f87': 'totality-count:experiments/exp5b/tests/test_totality_5b.py::test_site_template_count_is_24', 'totality_dd7bfd0a1a': 'totality-count:experiments/exp5b/tests/test_totality_5b.py::test_site_template_count_is_24', 'totality_e1d8e53d7b': 'totality-count:experiments/exp5b/tests/test_totality_5b.py::test_site_template_count_is_24', 'totality_eb285f87a4': 'totality-count:experiments/exp5b/tests/test_totality_5b.py::test_site_template_count_is_24', 'totality_edb704686d': 'totality-count:experiments/exp5b/tests/test_totality_5b.py::test_site_template_count_is_24', 'totality_ede4a6963c': 'totality-count:experiments/exp5b/tests/test_totality_5b.py::test_site_template_count_is_24', 'totality_eed0ac97ed': 'totality-count:experiments/exp5b/tests/test_totality_5b.py::test_site_template_count_is_24', 'totality_f0a6870714': 'totality-count:experiments/exp5b/tests/test_totality_5b.py::test_site_template_count_is_24', 'totality_f7b4069e79': 'totality-count:experiments/exp5b/tests/test_totality_5b.py::test_site_template_count_is_24', 'totality_fadbfe1930': 'totality-count:experiments/exp5b/tests/test_totality_5b.py::test_site_template_count_is_24'}
open_survivors = []
errors = []
